Archive member included because of file (symbol)

d:/program files (x86)/atmel/atmel toolchain/avr8 gcc/native/3.4.2.1002/avr8-gnu-toolchain/bin/../lib/gcc/avr/4.7.2/../../../../avr/lib/avr5\libm.a(addsf3.o)
                              adcChargingSimulation.o (__addsf3)
d:/program files (x86)/atmel/atmel toolchain/avr8 gcc/native/3.4.2.1002/avr8-gnu-toolchain/bin/../lib/gcc/avr/4.7.2/../../../../avr/lib/avr5\libm.a(addsf3x.o)
                              d:/program files (x86)/atmel/atmel toolchain/avr8 gcc/native/3.4.2.1002/avr8-gnu-toolchain/bin/../lib/gcc/avr/4.7.2/../../../../avr/lib/avr5\libm.a(addsf3.o) (__addsf3x)
d:/program files (x86)/atmel/atmel toolchain/avr8 gcc/native/3.4.2.1002/avr8-gnu-toolchain/bin/../lib/gcc/avr/4.7.2/../../../../avr/lib/avr5\libm.a(cmpsf2.o)
                              adcChargingSimulation.o (__eqsf2)
d:/program files (x86)/atmel/atmel toolchain/avr8 gcc/native/3.4.2.1002/avr8-gnu-toolchain/bin/../lib/gcc/avr/4.7.2/../../../../avr/lib/avr5\libm.a(divsf3.o)
                              adcChargingSimulation.o (__divsf3)
d:/program files (x86)/atmel/atmel toolchain/avr8 gcc/native/3.4.2.1002/avr8-gnu-toolchain/bin/../lib/gcc/avr/4.7.2/../../../../avr/lib/avr5\libm.a(divsf3x.o)
                              d:/program files (x86)/atmel/atmel toolchain/avr8 gcc/native/3.4.2.1002/avr8-gnu-toolchain/bin/../lib/gcc/avr/4.7.2/../../../../avr/lib/avr5\libm.a(divsf3.o) (__divsf3x)
d:/program files (x86)/atmel/atmel toolchain/avr8 gcc/native/3.4.2.1002/avr8-gnu-toolchain/bin/../lib/gcc/avr/4.7.2/../../../../avr/lib/avr5\libm.a(fixsfsi.o)
                              adcChargingSimulation.o (__fixsfsi)
d:/program files (x86)/atmel/atmel toolchain/avr8 gcc/native/3.4.2.1002/avr8-gnu-toolchain/bin/../lib/gcc/avr/4.7.2/../../../../avr/lib/avr5\libm.a(fixunssfsi.o)
                              adcChargingSimulation.o (__fixunssfsi)
d:/program files (x86)/atmel/atmel toolchain/avr8 gcc/native/3.4.2.1002/avr8-gnu-toolchain/bin/../lib/gcc/avr/4.7.2/../../../../avr/lib/avr5\libm.a(floatsisf.o)
                              adcChargingSimulation.o (__floatunsisf)
d:/program files (x86)/atmel/atmel toolchain/avr8 gcc/native/3.4.2.1002/avr8-gnu-toolchain/bin/../lib/gcc/avr/4.7.2/../../../../avr/lib/avr5\libm.a(floor.o)
                              adcChargingSimulation.o (floor)
d:/program files (x86)/atmel/atmel toolchain/avr8 gcc/native/3.4.2.1002/avr8-gnu-toolchain/bin/../lib/gcc/avr/4.7.2/../../../../avr/lib/avr5\libm.a(fp_cmp.o)
                              d:/program files (x86)/atmel/atmel toolchain/avr8 gcc/native/3.4.2.1002/avr8-gnu-toolchain/bin/../lib/gcc/avr/4.7.2/../../../../avr/lib/avr5\libm.a(cmpsf2.o) (__fp_cmp)
d:/program files (x86)/atmel/atmel toolchain/avr8 gcc/native/3.4.2.1002/avr8-gnu-toolchain/bin/../lib/gcc/avr/4.7.2/../../../../avr/lib/avr5\libm.a(fp_inf.o)
                              d:/program files (x86)/atmel/atmel toolchain/avr8 gcc/native/3.4.2.1002/avr8-gnu-toolchain/bin/../lib/gcc/avr/4.7.2/../../../../avr/lib/avr5\libm.a(addsf3x.o) (__fp_inf)
d:/program files (x86)/atmel/atmel toolchain/avr8 gcc/native/3.4.2.1002/avr8-gnu-toolchain/bin/../lib/gcc/avr/4.7.2/../../../../avr/lib/avr5\libm.a(fp_mintl.o)
                              d:/program files (x86)/atmel/atmel toolchain/avr8 gcc/native/3.4.2.1002/avr8-gnu-toolchain/bin/../lib/gcc/avr/4.7.2/../../../../avr/lib/avr5\libm.a(floor.o) (__fp_mintl)
d:/program files (x86)/atmel/atmel toolchain/avr8 gcc/native/3.4.2.1002/avr8-gnu-toolchain/bin/../lib/gcc/avr/4.7.2/../../../../avr/lib/avr5\libm.a(fp_mpack.o)
                              d:/program files (x86)/atmel/atmel toolchain/avr8 gcc/native/3.4.2.1002/avr8-gnu-toolchain/bin/../lib/gcc/avr/4.7.2/../../../../avr/lib/avr5\libm.a(floor.o) (__fp_mpack)
d:/program files (x86)/atmel/atmel toolchain/avr8 gcc/native/3.4.2.1002/avr8-gnu-toolchain/bin/../lib/gcc/avr/4.7.2/../../../../avr/lib/avr5\libm.a(fp_nan.o)
                              d:/program files (x86)/atmel/atmel toolchain/avr8 gcc/native/3.4.2.1002/avr8-gnu-toolchain/bin/../lib/gcc/avr/4.7.2/../../../../avr/lib/avr5\libm.a(addsf3x.o) (__fp_nan)
d:/program files (x86)/atmel/atmel toolchain/avr8 gcc/native/3.4.2.1002/avr8-gnu-toolchain/bin/../lib/gcc/avr/4.7.2/../../../../avr/lib/avr5\libm.a(fp_pscA.o)
                              d:/program files (x86)/atmel/atmel toolchain/avr8 gcc/native/3.4.2.1002/avr8-gnu-toolchain/bin/../lib/gcc/avr/4.7.2/../../../../avr/lib/avr5\libm.a(addsf3x.o) (__fp_pscA)
d:/program files (x86)/atmel/atmel toolchain/avr8 gcc/native/3.4.2.1002/avr8-gnu-toolchain/bin/../lib/gcc/avr/4.7.2/../../../../avr/lib/avr5\libm.a(fp_pscB.o)
                              d:/program files (x86)/atmel/atmel toolchain/avr8 gcc/native/3.4.2.1002/avr8-gnu-toolchain/bin/../lib/gcc/avr/4.7.2/../../../../avr/lib/avr5\libm.a(addsf3x.o) (__fp_pscB)
[...]
Memory Configuration

Name             Origin             Length             Attributes
text             0x00000000         0x00020000         xr
data             0x00800060         0x0000ffa0         rw !x
eeprom           0x00810000         0x00010000         rw !x
fuse             0x00820000         0x00000400         rw !x
lock             0x00830000         0x00000400         rw !x
signature        0x00840000         0x00000400         rw !x
user_signatures  0x00850000         0x00000400         rw !x
*default*        0x00000000         0xffffffff

Linker script and memory map

LOAD d:/program files (x86)/atmel/atmel toolchain/avr8 gcc/native/3.4.2.1002/avr8-gnu-toolchain/bin/../lib/gcc/avr/4.7.2/../../../../avr/lib/avr5/crtm32.o
LOAD adcChargingSimulation.o
LOAD dataReceive.o
LOAD formPacket.o
LOAD sessionStart.o
LOAD driverKeyPad.o
LOAD driverLCD.o
LOAD menu.o
LOAD driverRFID.o
LOAD driverSPI.o
LOAD driverTimer.o
LOAD driverUSART.o
START GROUP
LOAD d:/program files (x86)/atmel/atmel toolchain/avr8 gcc/native/3.4.2.1002/avr8-gnu-toolchain/bin/../lib/gcc/avr/4.7.2/../../../../avr/lib/avr5\libm.a
LOAD d:/program files (x86)/atmel/atmel toolchain/avr8 gcc/native/3.4.2.1002/avr8-gnu-toolchain/bin/../lib/gcc/avr/4.7.2/../../../../avr/lib/avr5\libprintf_flt.a
END GROUP
LOAD d:/program files (x86)/atmel/atmel toolchain/avr8 gcc/native/3.4.2.1002/avr8-gnu-toolchain/bin/../lib/gcc/avr/4.7.2/../../../../avr/lib/avr5\libscanf_flt.a
LOAD d:/program files (x86)/atmel/atmel toolchain/avr8 gcc/native/3.4.2.1002/avr8-gnu-toolchain/bin/../lib/gcc/avr/4.7.2/avr5\libgcc.a
LOAD d:/program files (x86)/atmel/atmel toolchain/avr8 gcc/native/3.4.2.1002/avr8-gnu-toolchain/bin/../lib/gcc/avr/4.7.2/../../../../avr/lib/avr5\libc.a
LOAD d:/program files (x86)/atmel/atmel toolchain/avr8 gcc/native/3.4.2.1002/avr8-gnu-toolchain/bin/../lib/gcc/avr/4.7.2/avr5\libgcc.a

.hash
 *(.hash)

.dynsym
 *(.dynsym)

.dynstr
 *(.dynstr)

.gnu.version
 *(.gnu.version)

.gnu.version_d
 *(.gnu.version_d)

.gnu.version_r
 *(.gnu.version_r)

.rel.init
 *(.rel.init)

.rela.init
 *(.rela.init)

.rel.text
 *(.rel.text)
 *(.rel.text.*)
 *(.rel.gnu.linkonce.t*)

.rela.text
 *(.rela.text)
 *(.rela.text.*)
 *(.rela.gnu.linkonce.t*)

.rel.fini
 *(.rel.fini)

.rela.fini
 *(.rela.fini)

.rel.rodata
 *(.rel.rodata)
 *(.rel.rodata.*)
 *(.rel.gnu.linkonce.r*)

.rela.rodata
 *(.rela.rodata)
 *(.rela.rodata.*)
 *(.rela.gnu.linkonce.r*)

.rel.data
 *(.rel.data)
 *(.rel.data.*)
 *(.rel.gnu.linkonce.d*)

.rela.data
 *(.rela.data)
 *(.rela.data.*)
 *(.rela.gnu.linkonce.d*)

.rel.ctors
 *(.rel.ctors)

.rela.ctors
 *(.rela.ctors)

.rel.dtors
 *(.rel.dtors)

.rela.dtors
 *(.rela.dtors)

.rel.got
 *(.rel.got)

.rela.got
 *(.rela.got)

.rel.bss
 *(.rel.bss)

.rela.bss
 *(.rela.bss)

.rel.plt
 *(.rel.plt)

.rela.plt
 *(.rela.plt)

.text           0x00000000     0x3c10
 *(.vectors)
 .vectors       0x00000000       0x54 d:/program files (x86)/atmel/atmel toolchain/avr8 gcc/native/3.4.2.1002/avr8-gnu-toolchain/bin/../lib/gcc/avr/4.7.2/../../../../avr/lib/avr5/crtm32.o
                0x00000000                __vector_default
                0x00000000                __vectors
 *(.vectors)
 *(.progmem.gcc*)
 *(.progmem*)
 .progmem.data  0x00000054        0x8 d:/program files (x86)/atmel/atmel toolchain/avr8 gcc/native/3.4.2.1002/avr8-gnu-toolchain/bin/../lib/gcc/avr/4.7.2/../../../../avr/lib/avr5\libprintf_flt.a(vfprintf_flt.o)
 .progmem.data  0x0000005c       0xfa d:/program files (x86)/atmel/atmel toolchain/avr8 gcc/native/3.4.2.1002/avr8-gnu-toolchain/bin/../lib/gcc/avr/4.7.2/../../../../avr/lib/avr5\libc.a(ftoa_engine.o)
 .progmem.data  0x00000156       0x3b d:/program files (x86)/atmel/atmel toolchain/avr8 gcc/native/3.4.2.1002/avr8-gnu-toolchain/bin/../lib/gcc/avr/4.7.2/../../../../avr/lib/avr5\libc.a(strtod.o)
                0x00000192                . = ALIGN (0x2)
 *fill*         0x00000191        0x1 
                0x00000192                __trampolines_start = .
 *(.trampolines)
 .trampolines   0x00000192        0x0 linker stubs
 *(.trampolines*)
                0x00000192                __trampolines_end = .
 *(.jumptables)
 *(.jumptables*)
 *(.lowtext)
 *(.lowtext*)
                0x00000192                __ctors_start = .
 *(.ctors)
                0x00000192                __ctors_end = .
                0x00000192                __dtors_start = .
 *(.dtors)
                0x00000192                __dtors_end = .
 SORT(*)(.ctors)
 SORT(*)(.dtors)
 *(.init0)
 .init0         0x00000192        0x0 d:/program files (x86)/atmel/atmel toolchain/avr8 gcc/native/3.4.2.1002/avr8-gnu-toolchain/bin/../lib/gcc/avr/4.7.2/../../../../avr/lib/avr5/crtm32.o
                0x00000192                __init
 *(.init0)
 *(.init1)
 *(.init1)
 *(.init2)
 .init2         0x00000192        0xc d:/program files (x86)/atmel/atmel toolchain/avr8 gcc/native/3.4.2.1002/avr8-gnu-toolchain/bin/../lib/gcc/avr/4.7.2/../../../../avr/lib/avr5/crtm32.o
 *(.init2)
 *(.init3)
 *(.init3)
 *(.init4)
 .init4         0x0000019e       0x16 d:/program files (x86)/atmel/atmel toolchain/avr8 gcc/native/3.4.2.1002/avr8-gnu-toolchain/bin/../lib/gcc/avr/4.7.2/avr5\libgcc.a(_copy_data.o)
                0x0000019e                __do_copy_data
 .init4         0x000001b4       0x10 d:/program files (x86)/atmel/atmel toolchain/avr8 gcc/native/3.4.2.1002/avr8-gnu-toolchain/bin/../lib/gcc/avr/4.7.2/avr5\libgcc.a(_clear_bss.o)
                0x000001b4                __do_clear_bss
 *(.init4)
 *(.init5)
 *(.init5)
 *(.init6)
 *(.init6)
 *(.init7)
 *(.init7)
 *(.init8)
 *(.init8)
 *(.init9)
 .init9         0x000001c4        0x8 d:/program files (x86)/atmel/atmel toolchain/avr8 gcc/native/3.4.2.1002/avr8-gnu-toolchain/bin/../lib/gcc/avr/4.7.2/../../../../avr/lib/avr5/crtm32.o
 *(.init9)
 *(.text)
 .text          0x000001cc        0x4 d:/program files (x86)/atmel/atmel toolchain/avr8 gcc/native/3.4.2.1002/avr8-gnu-toolchain/bin/../lib/gcc/avr/4.7.2/../../../../avr/lib/avr5/crtm32.o
                0x000001cc                __vector_12
                0x000001cc                __bad_interrupt
                0x000001cc                __vector_6
                0x000001cc                __vector_3
                0x000001cc                __vector_11
                0x000001cc                __vector_17
                0x000001cc                __vector_19
                0x000001cc                __vector_5
                0x000001cc                __vector_4
                0x000001cc                __vector_9
                0x000001cc                __vector_15
                0x000001cc                __vector_14
                0x000001cc                __vector_10
                0x000001cc                __vector_16
                0x000001cc                __vector_18
                0x000001cc                __vector_20
                0x000001d0                . = ALIGN (0x2)
 *(.text.*)
 .text.waitAndScanKeyPad
                0x000001d0       0x30 adcChargingSimulation.o
                0x000001d0                waitAndScanKeyPad
 .text.progressBar
                0x00000200       0x28 adcChargingSimulation.o
                0x00000200                progressBar
 .text.initADC  0x00000228        0x6 adcChargingSimulation.o
                0x00000228                initADC
 .text.doSample
                0x0000022e       0x1c adcChargingSimulation.o
                0x0000022e                doSample
 .text.onADC    0x0000024a        0x4 adcChargingSimulation.o
                0x0000024a                onADC
 .text.initCharge
                0x0000024e       0x88 adcChargingSimulation.o
                0x0000024e                initCharge
 .text.offADC   0x000002d6        0x4 adcChargingSimulation.o
                0x000002d6                offADC
 .text.chargeADC
                0x000002da      0x254 adcChargingSimulation.o
                0x000002da                chargeADC
 .text.startCharge
                0x0000052e        0xc adcChargingSimulation.o
                0x0000052e                startCharge
 .text.__vector_13
                0x0000053a       0x4e dataReceive.o
                0x0000053a                __vector_13
 .text.receivePackage
                0x00000588      0x1fa dataReceive.o
                0x00000588                receivePackage
 .text.packageReceived
                0x00000782        0xc dataReceive.o
                0x00000782                packageReceived
 .text.formPacket
                0x0000078e      0x196 formPacket.o
                0x0000078e                formPacket
 .text.noAction
                0x00000924        0x2 sessionStart.o
                0x00000924                noAction
 .text.idSessionDone
                0x00000926       0x14 sessionStart.o
                0x00000926                idSessionDone
 .text.stateEval
                0x0000093a       0x30 sessionStart.o
                0x0000093a                stateEval
 .text.stateTransition
                0x0000096a        0xa sessionStart.o
                0x0000096a                stateTransition
 .text.RFIDidRead
                0x00000974       0x3c sessionStart.o
                0x00000974                RFIDidRead
 .text.Receive  0x000009b0      0x104 sessionStart.o
                0x000009b0                Receive
 .text.Send     0x00000ab4       0x6e sessionStart.o
                0x00000ab4                Send
 .text.KeyPadRead
                0x00000b22       0xbe sessionStart.o
                0x00000b22                KeyPadRead
 .text.Welcome  0x00000be0       0x30 sessionStart.o
                0x00000be0                Welcome
 .text.EndSession
                0x00000c10       0x24 sessionStart.o
                0x00000c10                EndSession
 .text.repeatPacket
                0x00000c34       0x40 sessionStart.o
                0x00000c34                repeatPacket
 .text.id       0x00000c74       0x2e sessionStart.o
                0x00000c74                id
 .text.idOfflineWelcome
                0x00000ca2       0x40 sessionStart.o
                0x00000ca2                idOfflineWelcome
 .text.idOfflineGetMifareInfo
                0x00000ce2       0xf0 sessionStart.o
                0x00000ce2                idOfflineGetMifareInfo
 .text.idleWaitingf
                0x00000dd2       0x40 sessionStart.o
                0x00000dd2                idleWaitingf
 .text.offlinePINcheck
                0x00000e12       0x4e sessionStart.o
                0x00000e12                offlinePINcheck
 .text.waitUntilKeysPressed
                0x00000e60       0x44 sessionStart.o
                0x00000e60                waitUntilKeysPressed
 .text.StartSession
                0x00000ea4      0x14e sessionStart.o
                0x00000ea4                StartSession
 .text.setRow   0x00000ff2       0x32 driverKeyPad.o
                0x00000ff2                setRow
 .text.RawKeyPressed
                0x00001024       0x20 driverKeyPad.o
                0x00001024                RawKeyPressed
 .text.findKey  0x00001044       0x62 driverKeyPad.o
                0x00001044                findKey
 .text.delay    0x000010a6       0x26 driverKeyPad.o
                0x000010a6                delay
 .text.scanKeyPad
                0x000010cc      0x14c driverKeyPad.o
                0x000010cc                scanKeyPad
 .text.returnKey
                0x00001218        0x6 driverKeyPad.o
                0x00001218                returnKey
 .text.keypad_init
                0x0000121e        0xa driverKeyPad.o
                0x0000121e                keypad_init
 .text.lcd_nibble_transfer
                0x00001228       0x1e driverLCD.o
                0x00001228                lcd_nibble_transfer
 .text.lcd_transfer
                0x00001246       0x20 driverLCD.o
                0x00001246                lcd_transfer
 .text.lcd_data_write
                0x00001266       0x12 driverLCD.o
                0x00001266                lcd_data_write
 .text.lcd_cmd_write
                0x00001278       0x12 driverLCD.o
                0x00001278                lcd_cmd_write
 .text.createCustomFont
                0x0000128a      0x13a driverLCD.o
                0x0000128a                createCustomFont
 .text.lcd_init
                0x000013c4       0xc6 driverLCD.o
                0x000013c4                lcd_init
 .text.lcdClear
                0x0000148a        0xe driverLCD.o
                0x0000148a                lcdClear
 .text.LCDPutString
                0x00001498       0x40 driverLCD.o
                0x00001498                LCDPutString
 .text.GoTo     0x000014d8       0x30 driverLCD.o
                0x000014d8                GoTo
 .text.endSessionm
                0x00001508      0x180 menu.o
                0x00001508                endSessionm
 .text.stateEval_menu
                0x00001688       0x44 menu.o
                0x00001688                stateEval_menu
 .text.waitUntilKeyPressed
                0x000016cc       0x1c menu.o
                0x000016cc                waitUntilKeyPressed
 .text.stateTransition_m
                0x000016e8        0xa menu.o
                0x000016e8                stateTransition_m
 .text.retrieve_price
                0x000016f2       0xa0 menu.o
                0x000016f2                retrieve_price
 .text.arrow_mov
                0x00001792      0x162 menu.o
                0x00001792                arrow_mov
 .text.draw_menu
                0x000018f4       0x8c menu.o
                0x000018f4                draw_menu
 .text.getBalance
                0x00001980      0x18e menu.o
                0x00001980                getBalance
 .text.getConsumption
                0x00001b0e      0x22c menu.o
                0x00001b0e                getConsumption
 .text.charging
                0x00001d3a      0x23e menu.o
                0x00001d3a                charging
 .text.idleWaiting
                0x00001f78       0x5c menu.o
                0x00001f78                idleWaiting
 .text.identification
                0x00001fd4       0x10 menu.o
                0x00001fd4                identification
 .text.main     0x00001fe4       0x1e menu.o
                0x00001fe4                main
 .text.nilAction
                0x00002002        0x2 driverRFID.o
                0x00002002                nilAction
 .text.sendCommand
                0x00002004      0x190 driverRFID.o
                0x00002004                sendCommand
 .text.init     0x00002194       0x1a driverRFID.o
                0x00002194                init
 .text.__vector_2
                0x000021ae       0x38 driverRFID.o
                0x000021ae                __vector_2
 .text.__vector_1
                0x000021e6       0x34 driverRFID.o
                0x000021e6                __vector_1
 .text.stateEvalRFID
                0x0000221a       0x3e driverRFID.o
                0x0000221a                stateEvalRFID
 .text.RFIDinit
                0x00002258       0xfe driverRFID.o
                0x00002258                RFIDinit
 .text.SPItransmit_
                0x00002356       0x24 driverRFID.o
                0x00002356                SPItransmit_
 .text.readBuffer
                0x0000237a       0xae driverRFID.o
                0x0000237a                readBuffer
 .text.OnlineFirstReading
                0x00002428       0x6e driverRFID.o
                0x00002428                OnlineFirstReading
 .text.OfflineWriting
                0x00002496       0x76 driverRFID.o
                0x00002496                OfflineWriting
 .text.OfflineFirstReading
                0x0000250c      0x130 driverRFID.o
                0x0000250c                OfflineFirstReading
 .text.transmitString
                0x0000263c       0x76 driverRFID.o
                0x0000263c                transmitString
 .text.SPIinit  0x000026b2        0xa driverSPI.o
                0x000026b2                SPIinit
 .text.SPItransmit
                0x000026bc        0x8 driverSPI.o
                0x000026bc                SPItransmit
 .text.init_timer1
                0x000026c4       0x3e driverTimer.o
                0x000026c4                init_timer1
 .text.__vector_7
                0x00002702       0x38 driverTimer.o
                0x00002702                __vector_7
 .text.__vector_8
                0x0000273a       0x22 driverTimer.o
                0x0000273a                __vector_8
 .text.transmitUSART
                0x0000275c        0x8 driverUSART.o
                0x0000275c                transmitUSART
 .text.sendStringUSART
                0x00002764       0x1e driverUSART.o
                0x00002764                sendStringUSART
 .text.USART_Init
                0x00002782       0x16 driverUSART.o
                0x00002782                USART_Init
 .text.avr-libc.fplib
                0x00002798        0xa d:/program files (x86)/atmel/atmel toolchain/avr8 gcc/native/3.4.2.1002/avr8-gnu-toolchain/bin/../lib/gcc/avr/4.7.2/../../../../avr/lib/avr5\libm.a(addsf3.o)
                0x00002798                __subsf3
                0x0000279a                __addsf3
 .text.avr-libc.fplib
                0x000027a2       0xc0 d:/program files (x86)/atmel/atmel toolchain/avr8 gcc/native/3.4.2.1002/avr8-gnu-toolchain/bin/../lib/gcc/avr/4.7.2/../../../../avr/lib/avr5\libm.a(addsf3x.o)
                0x000027bc                __addsf3x
 .text.avr-libc.fplib
                0x00002862        0x8 d:/program files (x86)/atmel/atmel toolchain/avr8 gcc/native/3.4.2.1002/avr8-gnu-toolchain/bin/../lib/gcc/avr/4.7.2/../../../../avr/lib/avr5\libm.a(cmpsf2.o)
                0x00002862                __nesf2
                0x00002862                __eqsf2
                0x00002862                __cmpsf2
                0x00002862                __ltsf2
                0x00002862                __lesf2
 .text.avr-libc.fplib
                0x0000286a        0x4 d:/program files (x86)/atmel/atmel toolchain/avr8 gcc/native/3.4.2.1002/avr8-gnu-toolchain/bin/../lib/gcc/avr/4.7.2/../../../../avr/lib/avr5\libm.a(divsf3.o)
                0x0000286a                __divsf3
 .text.avr-libc.fplib
                0x0000286e       0xcc d:/program files (x86)/atmel/atmel toolchain/avr8 gcc/native/3.4.2.1002/avr8-gnu-toolchain/bin/../lib/gcc/avr/4.7.2/../../../../avr/lib/avr5\libm.a(divsf3x.o)
                0x00002884                __divsf3x
                0x00002888                __divsf3_pse
 .text.avr-libc.fplib
                0x0000293a        0xa d:/program files (x86)/atmel/atmel toolchain/avr8 gcc/native/3.4.2.1002/avr8-gnu-toolchain/bin/../lib/gcc/avr/4.7.2/../../../../avr/lib/avr5\libm.a(fixsfsi.o)
                0x0000293a                __fixsfsi
 .text.avr-libc.fplib
                0x00002944       0x58 d:/program files (x86)/atmel/atmel toolchain/avr8 gcc/native/3.4.2.1002/avr8-gnu-toolchain/bin/../lib/gcc/avr/4.7.2/../../../../avr/lib/avr5\libm.a(fixunssfsi.o)
                0x00002944                __fixunssfsi
 .text.avr-libc.fplib
                0x0000299c       0x7a d:/program files (x86)/atmel/atmel toolchain/avr8 gcc/native/3.4.2.1002/avr8-gnu-toolchain/bin/../lib/gcc/avr/4.7.2/../../../../avr/lib/avr5\libm.a(floatsisf.o)
                0x0000299c                __floatunsisf
                0x000029a0                __floatsisf
 .text.avr-libc.fplib
                0x00002a16       0x26 d:/program files (x86)/atmel/atmel toolchain/avr8 gcc/native/3.4.2.1002/avr8-gnu-toolchain/bin/../lib/gcc/avr/4.7.2/../../../../avr/lib/avr5\libm.a(floor.o)
                0x00002a16                floor
 .text.avr-libc.fplib
                0x00002a3c       0x48 d:/program files (x86)/atmel/atmel toolchain/avr8 gcc/native/3.4.2.1002/avr8-gnu-toolchain/bin/../lib/gcc/avr/4.7.2/../../../../avr/lib/avr5\libm.a(fp_cmp.o)
                0x00002a3c                __fp_cmp
 .text.avr-libc.fplib
                0x00002a84        0xc d:/program files (x86)/atmel/atmel toolchain/avr8 gcc/native/3.4.2.1002/avr8-gnu-toolchain/bin/../lib/gcc/avr/4.7.2/../../../../avr/lib/avr5\libm.a(fp_inf.o)
                0x00002a84                __fp_inf
 .text.avr-libc.fplib
                0x00002a90       0x36 d:/program files (x86)/atmel/atmel toolchain/avr8 gcc/native/3.4.2.1002/avr8-gnu-toolchain/bin/../lib/gcc/avr/4.7.2/../../../../avr/lib/avr5\libm.a(fp_mintl.o)
                0x00002a90                __fp_mintl
 .text.avr-libc.fplib
                0x00002ac6       0x1c d:/program files (x86)/atmel/atmel toolchain/avr8 gcc/native/3.4.2.1002/avr8-gnu-toolchain/bin/../lib/gcc/avr/4.7.2/../../../../avr/lib/avr5\libm.a(fp_mpack.o)
                0x00002ac6                __fp_mpack
                0x00002aca                __fp_mpack_finite
 .text.avr-libc.fplib
                0x00002ae2        0x6 d:/program files (x86)/atmel/atmel toolchain/avr8 gcc/native/3.4.2.1002/avr8-gnu-toolchain/bin/../lib/gcc/avr/4.7.2/../../../../avr/lib/avr5\libm.a(fp_nan.o)
                0x00002ae2                __fp_nan
 .text.avr-libc.fplib
                0x00002ae8        0xe d:/program files (x86)/atmel/atmel toolchain/avr8 gcc/native/3.4.2.1002/avr8-gnu-toolchain/bin/../lib/gcc/avr/4.7.2/../../../../avr/lib/avr5\libm.a(fp_pscA.o)
                0x00002ae8                __fp_pscA
 .text.avr-libc.fplib
                0x00002af6        0xe d:/program files (x86)/atmel/atmel toolchain/avr8 gcc/native/3.4.2.1002/avr8-gnu-toolchain/bin/../lib/gcc/avr/4.7.2/../../../../avr/lib/avr5\libm.a(fp_pscB.o)
                0x00002af6                __fp_pscB
 .text.avr-libc.fplib
                0x00002b04       0x22 d:/program files (x86)/atmel/atmel toolchain/avr8 gcc/native/3.4.2.1002/avr8-gnu-toolchain/bin/../lib/gcc/avr/4.7.2/../../../../avr/lib/avr5\libm.a(fp_round.o)
                0x00002b04                __fp_round
 .text.avr-libc.fplib
                0x00002b26       0x44 d:/program files (x86)/atmel/atmel toolchain/avr8 gcc/native/3.4.2.1002/avr8-gnu-toolchain/bin/../lib/gcc/avr/4.7.2/../../../../avr/lib/avr5\libm.a(fp_split3.o)
                0x00002b26                __fp_split3
                0x00002b36                __fp_splitA
 .text.avr-libc.fplib
                0x00002b6a       0x2e d:/program files (x86)/atmel/atmel toolchain/avr8 gcc/native/3.4.2.1002/avr8-gnu-toolchain/bin/../lib/gcc/avr/4.7.2/../../../../avr/lib/avr5\libm.a(fp_trunc.o)
                0x00002b6a                __fp_trunc
 .text.avr-libc.fplib
                0x00002b98        0xe d:/program files (x86)/atmel/atmel toolchain/avr8 gcc/native/3.4.2.1002/avr8-gnu-toolchain/bin/../lib/gcc/avr/4.7.2/../../../../avr/lib/avr5\libm.a(fp_zero.o)
                0x00002b98                __fp_zero
                0x00002b9a                __fp_szero
 .text.avr-libc.fplib
                0x00002ba6        0x4 d:/program files (x86)/atmel/atmel toolchain/avr8 gcc/native/3.4.2.1002/avr8-gnu-toolchain/bin/../lib/gcc/avr/4.7.2/../../../../avr/lib/avr5\libm.a(mulsf3.o)
                0x00002ba6                __mulsf3
 .text.avr-libc.fplib
                0x00002baa       0xc2 d:/program files (x86)/atmel/atmel toolchain/avr8 gcc/native/3.4.2.1002/avr8-gnu-toolchain/bin/../lib/gcc/avr/4.7.2/../../../../avr/lib/avr5\libm.a(mulsf3x.o)
                0x00002bbe                __mulsf3x
                0x00002bc2                __mulsf3_pse
 .text.avr-libc
                0x00002c6c      0x704 d:/program files (x86)/atmel/atmel toolchain/avr8 gcc/native/3.4.2.1002/avr8-gnu-toolchain/bin/../lib/gcc/avr/4.7.2/../../../../avr/lib/avr5\libprintf_flt.a(vfprintf_flt.o)
                0x00002c6c                vfprintf
 .text.libgcc.prologue
                0x00003370       0x38 d:/program files (x86)/atmel/atmel toolchain/avr8 gcc/native/3.4.2.1002/avr8-gnu-toolchain/bin/../lib/gcc/avr/4.7.2/avr5\libgcc.a(_prologue.o)
                0x00003370                __prologue_saves__
 .text.libgcc.prologue
                0x000033a8       0x36 d:/program files (x86)/atmel/atmel toolchain/avr8 gcc/native/3.4.2.1002/avr8-gnu-toolchain/bin/../lib/gcc/avr/4.7.2/avr5\libgcc.a(_epilogue.o)
                0x000033a8                __epilogue_restores__
 .text.avr-libc
                0x000033de        0x8 d:/program files (x86)/atmel/atmel toolchain/avr8 gcc/native/3.4.2.1002/avr8-gnu-toolchain/bin/../lib/gcc/avr/4.7.2/../../../../avr/lib/avr5\libc.a(atof.o)
                0x000033de                atof
 .text.avr-libc
                0x000033e6       0x3c d:/program files (x86)/atmel/atmel toolchain/avr8 gcc/native/3.4.2.1002/avr8-gnu-toolchain/bin/../lib/gcc/avr/4.7.2/../../../../avr/lib/avr5\libc.a(atoi.o)
                0x000033e6                atoi
 .text.avr-libc
                0x00003422      0x1b0 d:/program files (x86)/atmel/atmel toolchain/avr8 gcc/native/3.4.2.1002/avr8-gnu-toolchain/bin/../lib/gcc/avr/4.7.2/../../../../avr/lib/avr5\libc.a(ftoa_engine.o)
                0x00003422                __ftoa_engine
 .text.avr-libc
                0x000035d2       0x16 d:/program files (x86)/atmel/atmel toolchain/avr8 gcc/native/3.4.2.1002/avr8-gnu-toolchain/bin/../lib/gcc/avr/4.7.2/../../../../avr/lib/avr5\libc.a(strnlen_P.o)
                0x000035d2                strnlen_P
 .text.avr-libc
                0x000035e8       0x12 d:/program files (x86)/atmel/atmel toolchain/avr8 gcc/native/3.4.2.1002/avr8-gnu-toolchain/bin/../lib/gcc/avr/4.7.2/../../../../avr/lib/avr5\libc.a(memcpy.o)
                0x000035e8                memcpy
 .text.avr-libc
                0x000035fa        0xe d:/program files (x86)/atmel/atmel toolchain/avr8 gcc/native/3.4.2.1002/avr8-gnu-toolchain/bin/../lib/gcc/avr/4.7.2/../../../../avr/lib/avr5\libc.a(memset.o)
                0x000035fa                memset
 .text.avr-libc
                0x00003608       0x16 d:/program files (x86)/atmel/atmel toolchain/avr8 gcc/native/3.4.2.1002/avr8-gnu-toolchain/bin/../lib/gcc/avr/4.7.2/../../../../avr/lib/avr5\libc.a(strnlen.o)
                0x00003608                strnlen
 .text.avr-libc
                0x0000361e       0x42 d:/program files (x86)/atmel/atmel toolchain/avr8 gcc/native/3.4.2.1002/avr8-gnu-toolchain/bin/../lib/gcc/avr/4.7.2/../../../../avr/lib/avr5\libc.a(itoa.o)
                0x0000361e                itoa
 .text.avr-libc
                0x00003660       0x10 d:/program files (x86)/atmel/atmel toolchain/avr8 gcc/native/3.4.2.1002/avr8-gnu-toolchain/bin/../lib/gcc/avr/4.7.2/../../../../avr/lib/avr5\libc.a(mul10.o)
                0x00003660                __mulhi_const_10
 .text.avr-libc
                0x00003670       0x4a d:/program files (x86)/atmel/atmel toolchain/avr8 gcc/native/3.4.2.1002/avr8-gnu-toolchain/bin/../lib/gcc/avr/4.7.2/../../../../avr/lib/avr5\libc.a(ultoa.o)
                0x00003670                ultoa
 .text.avr-libc
                0x000036ba       0x58 d:/program files (x86)/atmel/atmel toolchain/avr8 gcc/native/3.4.2.1002/avr8-gnu-toolchain/bin/../lib/gcc/avr/4.7.2/../../../../avr/lib/avr5\libc.a(fputc.o)
                0x000036ba                fputc
 .text.avr-libc
                0x00003712       0x60 d:/program files (x86)/atmel/atmel toolchain/avr8 gcc/native/3.4.2.1002/avr8-gnu-toolchain/bin/../lib/gcc/avr/4.7.2/../../../../avr/lib/avr5\libc.a(snprintf.o)
                0x00003712                snprintf
 .text.avr-libc
                0x00003772       0x44 d:/program files (x86)/atmel/atmel toolchain/avr8 gcc/native/3.4.2.1002/avr8-gnu-toolchain/bin/../lib/gcc/avr/4.7.2/../../../../avr/lib/avr5\libc.a(sprintf.o)
                0x00003772                sprintf
 .text.avr-libc
                0x000037b6       0xbc d:/program files (x86)/atmel/atmel toolchain/avr8 gcc/native/3.4.2.1002/avr8-gnu-toolchain/bin/../lib/gcc/avr/4.7.2/../../../../avr/lib/avr5\libc.a(ultoa_invert.o)
                0x000037b6                __ultoa_invert
 .text.avr-libc
                0x00003872      0x29a d:/program files (x86)/atmel/atmel toolchain/avr8 gcc/native/3.4.2.1002/avr8-gnu-toolchain/bin/../lib/gcc/avr/4.7.2/../../../../avr/lib/avr5\libc.a(strtod.o)
                0x00003872                strtod
 .text.avr-libc
                0x00003b0c       0x10 d:/program files (x86)/atmel/atmel toolchain/avr8 gcc/native/3.4.2.1002/avr8-gnu-toolchain/bin/../lib/gcc/avr/4.7.2/../../../../avr/lib/avr5\libc.a(isspace.o)
                0x00003b0c                isspace
 .text.avr-libc
                0x00003b1c       0x30 d:/program files (x86)/atmel/atmel toolchain/avr8 gcc/native/3.4.2.1002/avr8-gnu-toolchain/bin/../lib/gcc/avr/4.7.2/../../../../avr/lib/avr5\libc.a(strncasecmp_P.o)
                0x00003b1c                strncasecmp_P
 .text.avr-libc
                0x00003b4c       0x20 d:/program files (x86)/atmel/atmel toolchain/avr8 gcc/native/3.4.2.1002/avr8-gnu-toolchain/bin/../lib/gcc/avr/4.7.2/../../../../avr/lib/avr5\libc.a(strrev.o)
                0x00003b4c                strrev
 .text.avr-libc
                0x00003b6c        0x6 d:/program files (x86)/atmel/atmel toolchain/avr8 gcc/native/3.4.2.1002/avr8-gnu-toolchain/bin/../lib/gcc/avr/4.7.2/../../../../avr/lib/avr5\libc.a(cty_isfalse.o)
                0x00003b6c                __ctype_isfalse
                0x00003b70                __ctype_istrue
 .text.libgcc.div
                0x00003b72       0x28 d:/program files (x86)/atmel/atmel toolchain/avr8 gcc/native/3.4.2.1002/avr8-gnu-toolchain/bin/../lib/gcc/avr/4.7.2/avr5\libgcc.a(_udivmodhi4.o)
                0x00003b72                __udivmodhi4
 .text.libgcc.div
                0x00003b9a       0x44 d:/program files (x86)/atmel/atmel toolchain/avr8 gcc/native/3.4.2.1002/avr8-gnu-toolchain/bin/../lib/gcc/avr/4.7.2/avr5\libgcc.a(_udivmodsi4.o)
                0x00003b9a                __udivmodsi4
 .text.libgcc.mul
                0x00003bde       0x16 d:/program files (x86)/atmel/atmel toolchain/avr8 gcc/native/3.4.2.1002/avr8-gnu-toolchain/bin/../lib/gcc/avr/4.7.2/avr5\libgcc.a(_muluhisi3.o)
                0x00003bde                __muluhisi3
 .text.libgcc.mul
                0x00003bf4       0x18 d:/program files (x86)/atmel/atmel toolchain/avr8 gcc/native/3.4.2.1002/avr8-gnu-toolchain/bin/../lib/gcc/avr/4.7.2/avr5\libgcc.a(_umulhisi3.o)
                0x00003bf4                __umulhisi3
                0x00003c0c                . = ALIGN (0x2)
 *(.fini9)
 .fini9         0x00003c0c        0x0 d:/program files (x86)/atmel/atmel toolchain/avr8 gcc/native/3.4.2.1002/avr8-gnu-toolchain/bin/../lib/gcc/avr/4.7.2/avr5\libgcc.a(_exit.o)
                0x00003c0c                _exit
                0x00003c0c                exit
 *(.fini9)
 *(.fini8)
 *(.fini8)
 *(.fini7)
 *(.fini7)
 *(.fini6)
 *(.fini6)
 *(.fini5)
 *(.fini5)
 *(.fini4)
 *(.fini4)
 *(.fini3)
 *(.fini3)
 *(.fini2)
 *(.fini2)
 *(.fini1)
 *(.fini1)
 *(.fini0)
 .fini0         0x00003c0c        0x4 d:/program files (x86)/atmel/atmel toolchain/avr8 gcc/native/3.4.2.1002/avr8-gnu-toolchain/bin/../lib/gcc/avr/4.7.2/avr5\libgcc.a(_exit.o)
 *(.fini0)
                0x00003c10                _etext = .

.data           0x00800060      0x4a6 load address 0x00003c10
                0x00800060                PROVIDE (__data_start, .)
 *(.data)
 .data          0x00800060        0x0 d:/program files (x86)/atmel/atmel toolchain/avr8 gcc/native/3.4.2.1002/avr8-gnu-toolchain/bin/../lib/gcc/avr/4.7.2/../../../../avr/lib/avr5/crtm32.o
 .data          0x00800060        0x0 adcChargingSimulation.o
 .data          0x00800060        0x0 dataReceive.o
 .data          0x00800060        0x0 formPacket.o
 .data          0x00800060        0x0 sessionStart.o
 .data          0x00800060        0x0 driverKeyPad.o
 .data          0x00800060        0x0 driverLCD.o
 .data          0x00800060        0x0 menu.o
 .data          0x00800060        0x0 driverRFID.o
 .data          0x00800060        0x0 driverSPI.o
 .data          0x00800060        0x0 driverTimer.o
 .data          0x00800060        0x0 driverUSART.o
 .data          0x00800060        0x0 d:/program files (x86)/atmel/atmel toolchain/avr8 gcc/native/3.4.2.1002/avr8-gnu-toolchain/bin/../lib/gcc/avr/4.7.2/../../../../avr/lib/avr5\libm.a(addsf3.o)
 .data          0x00800060        0x0 d:/program files (x86)/atmel/atmel toolchain/avr8 gcc/native/3.4.2.1002/avr8-gnu-toolchain/bin/../lib/gcc/avr/4.7.2/../../../../avr/lib/avr5\libm.a(addsf3x.o)
 .data          0x00800060        0x0 d:/program files (x86)/atmel/atmel toolchain/avr8 gcc/native/3.4.2.1002/avr8-gnu-toolchain/bin/../lib/gcc/avr/4.7.2/../../../../avr/lib/avr5\libm.a(cmpsf2.o)
 .data          0x00800060        0x0 d:/program files (x86)/atmel/atmel toolchain/avr8 gcc/native/3.4.2.1002/avr8-gnu-toolchain/bin/../lib/gcc/avr/4.7.2/../../../../avr/lib/avr5\libm.a(divsf3.o)
 .data          0x00800060        0x0 d:/program files (x86)/atmel/atmel toolchain/avr8 gcc/native/3.4.2.1002/avr8-gnu-toolchain/bin/../lib/gcc/avr/4.7.2/../../../../avr/lib/avr5\libm.a(divsf3x.o)
 .data          0x00800060        0x0 d:/program files (x86)/atmel/atmel toolchain/avr8 gcc/native/3.4.2.1002/avr8-gnu-toolchain/bin/../lib/gcc/avr/4.7.2/../../../../avr/lib/avr5\libm.a(fixsfsi.o)
 .data          0x00800060        0x0 d:/program files (x86)/atmel/atmel toolchain/avr8 gcc/native/3.4.2.1002/avr8-gnu-toolchain/bin/../lib/gcc/avr/4.7.2/../../../../avr/lib/avr5\libm.a(fixunssfsi.o)
 .data          0x00800060        0x0 d:/program files (x86)/atmel/atmel toolchain/avr8 gcc/native/3.4.2.1002/avr8-gnu-toolchain/bin/../lib/gcc/avr/4.7.2/../../../../avr/lib/avr5\libm.a(floatsisf.o)
 .data          0x00800060        0x0 d:/program files (x86)/atmel/atmel toolchain/avr8 gcc/native/3.4.2.1002/avr8-gnu-toolchain/bin/../lib/gcc/avr/4.7.2/../../../../avr/lib/avr5\libm.a(floor.o)
 .data          0x00800060        0x0 d:/program files (x86)/atmel/atmel toolchain/avr8 gcc/native/3.4.2.1002/avr8-gnu-toolchain/bin/../lib/gcc/avr/4.7.2/../../../../avr/lib/avr5\libm.a(fp_cmp.o)
 .data          0x00800060        0x0 d:/program files (x86)/atmel/atmel toolchain/avr8 gcc/native/3.4.2.1002/avr8-gnu-toolchain/bin/../lib/gcc/avr/4.7.2/../../../../avr/lib/avr5\libm.a(fp_inf.o)
 .data          0x00800060        0x0 d:/program files (x86)/atmel/atmel toolchain/avr8 gcc/native/3.4.2.1002/avr8-gnu-toolchain/bin/../lib/gcc/avr/4.7.2/../../../../avr/lib/avr5\libm.a(fp_mintl.o)
 .data          0x00800060        0x0 d:/program files (x86)/atmel/atmel toolchain/avr8 gcc/native/3.4.2.1002/avr8-gnu-toolchain/bin/../lib/gcc/avr/4.7.2/../../../../avr/lib/avr5\libm.a(fp_mpack.o)
 .data          0x00800060        0x0 d:/program files (x86)/atmel/atmel toolchain/avr8 gcc/native/3.4.2.1002/avr8-gnu-toolchain/bin/../lib/gcc/avr/4.7.2/../../../../avr/lib/avr5\libm.a(fp_nan.o)
 .data          0x00800060        0x0 d:/program files (x86)/atmel/atmel toolchain/avr8 gcc/native/3.4.2.1002/avr8-gnu-toolchain/bin/../lib/gcc/avr/4.7.2/../../../../avr/lib/avr5\libm.a(fp_pscA.o)
 .data          0x00800060        0x0 d:/program files (x86)/atmel/atmel toolchain/avr8 gcc/native/3.4.2.1002/avr8-gnu-toolchain/bin/../lib/gcc/avr/4.7.2/../../../../avr/lib/avr5\libm.a(fp_pscB.o)
 .data          0x00800060        0x0 d:/program files (x86)/atmel/atmel toolchain/avr8 gcc/native/3.4.2.1002/avr8-gnu-toolchain/bin/../lib/gcc/avr/4.7.2/../../../../avr/lib/avr5\libm.a(fp_round.o)
 .data          0x00800060        0x0 d:/program files (x86)/atmel/atmel toolchain/avr8 gcc/native/3.4.2.1002/avr8-gnu-toolchain/bin/../lib/gcc/avr/4.7.2/../../../../avr/lib/avr5\libm.a(fp_split3.o)
 .data          0x00800060        0x0 d:/program files (x86)/atmel/atmel toolchain/avr8 gcc/native/3.4.2.1002/avr8-gnu-toolchain/bin/../lib/gcc/avr/4.7.2/../../../../avr/lib/avr5\libm.a(fp_trunc.o)
 .data          0x00800060        0x0 d:/program files (x86)/atmel/atmel toolchain/avr8 gcc/native/3.4.2.1002/avr8-gnu-toolchain/bin/../lib/gcc/avr/4.7.2/../../../../avr/lib/avr5\libm.a(fp_zero.o)
 .data          0x00800060        0x0 d:/program files (x86)/atmel/atmel toolchain/avr8 gcc/native/3.4.2.1002/avr8-gnu-toolchain/bin/../lib/gcc/avr/4.7.2/../../../../avr/lib/avr5\libm.a(mulsf3.o)
 .data          0x00800060        0x0 d:/program files (x86)/atmel/atmel toolchain/avr8 gcc/native/3.4.2.1002/avr8-gnu-toolchain/bin/../lib/gcc/avr/4.7.2/../../../../avr/lib/avr5\libm.a(mulsf3x.o)
 .data          0x00800060        0x0 d:/program files (x86)/atmel/atmel toolchain/avr8 gcc/native/3.4.2.1002/avr8-gnu-toolchain/bin/../lib/gcc/avr/4.7.2/../../../../avr/lib/avr5\libprintf_flt.a(vfprintf_flt.o)
 .data          0x00800060        0x0 d:/program files (x86)/atmel/atmel toolchain/avr8 gcc/native/3.4.2.1002/avr8-gnu-toolchain/bin/../lib/gcc/avr/4.7.2/avr5\libgcc.a(_exit.o)
 .data          0x00800060        0x0 d:/program files (x86)/atmel/atmel toolchain/avr8 gcc/native/3.4.2.1002/avr8-gnu-toolchain/bin/../lib/gcc/avr/4.7.2/avr5\libgcc.a(_copy_data.o)
 .data          0x00800060        0x0 d:/program files (x86)/atmel/atmel toolchain/avr8 gcc/native/3.4.2.1002/avr8-gnu-toolchain/bin/../lib/gcc/avr/4.7.2/avr5\libgcc.a(_clear_bss.o)
 .data          0x00800060        0x0 d:/program files (x86)/atmel/atmel toolchain/avr8 gcc/native/3.4.2.1002/avr8-gnu-toolchain/bin/../lib/gcc/avr/4.7.2/avr5\libgcc.a(_prologue.o)
 .data          0x00800060        0x0 d:/program files (x86)/atmel/atmel toolchain/avr8 gcc/native/3.4.2.1002/avr8-gnu-toolchain/bin/../lib/gcc/avr/4.7.2/avr5\libgcc.a(_epilogue.o)
 .data          0x00800060        0x0 d:/program files (x86)/atmel/atmel toolchain/avr8 gcc/native/3.4.2.1002/avr8-gnu-toolchain/bin/../lib/gcc/avr/4.7.2/../../../../avr/lib/avr5\libc.a(atof.o)
 .data          0x00800060        0x0 d:/program files (x86)/atmel/atmel toolchain/avr8 gcc/native/3.4.2.1002/avr8-gnu-toolchain/bin/../lib/gcc/avr/4.7.2/../../../../avr/lib/avr5\libc.a(atoi.o)
 .data          0x00800060        0x0 d:/program files (x86)/atmel/atmel toolchain/avr8 gcc/native/3.4.2.1002/avr8-gnu-toolchain/bin/../lib/gcc/avr/4.7.2/../../../../avr/lib/avr5\libc.a(ftoa_engine.o)
 .data          0x00800060        0x0 d:/program files (x86)/atmel/atmel toolchain/avr8 gcc/native/3.4.2.1002/avr8-gnu-toolchain/bin/../lib/gcc/avr/4.7.2/../../../../avr/lib/avr5\libc.a(strnlen_P.o)
 .data          0x00800060        0x0 d:/program files (x86)/atmel/atmel toolchain/avr8 gcc/native/3.4.2.1002/avr8-gnu-toolchain/bin/../lib/gcc/avr/4.7.2/../../../../avr/lib/avr5\libc.a(memcpy.o)
 .data          0x00800060        0x0 d:/program files (x86)/atmel/atmel toolchain/avr8 gcc/native/3.4.2.1002/avr8-gnu-toolchain/bin/../lib/gcc/avr/4.7.2/../../../../avr/lib/avr5\libc.a(memset.o)
 .data          0x00800060        0x0 d:/program files (x86)/atmel/atmel toolchain/avr8 gcc/native/3.4.2.1002/avr8-gnu-toolchain/bin/../lib/gcc/avr/4.7.2/../../../../avr/lib/avr5\libc.a(strnlen.o)
 .data          0x00800060        0x0 d:/program files (x86)/atmel/atmel toolchain/avr8 gcc/native/3.4.2.1002/avr8-gnu-toolchain/bin/../lib/gcc/avr/4.7.2/../../../../avr/lib/avr5\libc.a(itoa.o)
 .data          0x00800060        0x0 d:/program files (x86)/atmel/atmel toolchain/avr8 gcc/native/3.4.2.1002/avr8-gnu-toolchain/bin/../lib/gcc/avr/4.7.2/../../../../avr/lib/avr5\libc.a(mul10.o)
 .data          0x00800060        0x0 d:/program files (x86)/atmel/atmel toolchain/avr8 gcc/native/3.4.2.1002/avr8-gnu-toolchain/bin/../lib/gcc/avr/4.7.2/../../../../avr/lib/avr5\libc.a(ultoa.o)
 .data          0x00800060        0x0 d:/program files (x86)/atmel/atmel toolchain/avr8 gcc/native/3.4.2.1002/avr8-gnu-toolchain/bin/../lib/gcc/avr/4.7.2/../../../../avr/lib/avr5\libc.a(fputc.o)
 .data          0x00800060        0x0 d:/program files (x86)/atmel/atmel toolchain/avr8 gcc/native/3.4.2.1002/avr8-gnu-toolchain/bin/../lib/gcc/avr/4.7.2/../../../../avr/lib/avr5\libc.a(snprintf.o)
 .data          0x00800060        0x0 d:/program files (x86)/atmel/atmel toolchain/avr8 gcc/native/3.4.2.1002/avr8-gnu-toolchain/bin/../lib/gcc/avr/4.7.2/../../../../avr/lib/avr5\libc.a(sprintf.o)
 .data          0x00800060        0x0 d:/program files (x86)/atmel/atmel toolchain/avr8 gcc/native/3.4.2.1002/avr8-gnu-toolchain/bin/../lib/gcc/avr/4.7.2/../../../../avr/lib/avr5\libc.a(ultoa_invert.o)
 .data          0x00800060        0x0 d:/program files (x86)/atmel/atmel toolchain/avr8 gcc/native/3.4.2.1002/avr8-gnu-toolchain/bin/../lib/gcc/avr/4.7.2/../../../../avr/lib/avr5\libc.a(strtod.o)
 .data          0x00800060        0x0 d:/program files (x86)/atmel/atmel toolchain/avr8 gcc/native/3.4.2.1002/avr8-gnu-toolchain/bin/../lib/gcc/avr/4.7.2/../../../../avr/lib/avr5\libc.a(isspace.o)
 .data          0x00800060        0x0 d:/program files (x86)/atmel/atmel toolchain/avr8 gcc/native/3.4.2.1002/avr8-gnu-toolchain/bin/../lib/gcc/avr/4.7.2/../../../../avr/lib/avr5\libc.a(strncasecmp_P.o)
 .data          0x00800060        0x0 d:/program files (x86)/atmel/atmel toolchain/avr8 gcc/native/3.4.2.1002/avr8-gnu-toolchain/bin/../lib/gcc/avr/4.7.2/../../../../avr/lib/avr5\libc.a(strrev.o)
 .data          0x00800060        0x0 d:/program files (x86)/atmel/atmel toolchain/avr8 gcc/native/3.4.2.1002/avr8-gnu-toolchain/bin/../lib/gcc/avr/4.7.2/../../../../avr/lib/avr5\libc.a(errno.o)
 .data          0x00800060        0x0 d:/program files (x86)/atmel/atmel toolchain/avr8 gcc/native/3.4.2.1002/avr8-gnu-toolchain/bin/../lib/gcc/avr/4.7.2/../../../../avr/lib/avr5\libc.a(cty_isfalse.o)
 .data          0x00800060        0x0 d:/program files (x86)/atmel/atmel toolchain/avr8 gcc/native/3.4.2.1002/avr8-gnu-toolchain/bin/../lib/gcc/avr/4.7.2/avr5\libgcc.a(_udivmodhi4.o)
 .data          0x00800060        0x0 d:/program files (x86)/atmel/atmel toolchain/avr8 gcc/native/3.4.2.1002/avr8-gnu-toolchain/bin/../lib/gcc/avr/4.7.2/avr5\libgcc.a(_udivmodsi4.o)
 .data          0x00800060        0x0 d:/program files (x86)/atmel/atmel toolchain/avr8 gcc/native/3.4.2.1002/avr8-gnu-toolchain/bin/../lib/gcc/avr/4.7.2/avr5\libgcc.a(_muluhisi3.o)
 .data          0x00800060        0x0 d:/program files (x86)/atmel/atmel toolchain/avr8 gcc/native/3.4.2.1002/avr8-gnu-toolchain/bin/../lib/gcc/avr/4.7.2/avr5\libgcc.a(_umulhisi3.o)
 *(.data*)
 .data.ful5x8font
                0x00800060        0x1 adcChargingSimulation.o
                0x00800060                ful5x8font
 .data.EventOccured
                0x00800061        0x1 sessionStart.o
                0x00800061                EventOccured
 .data.stateMatrix
                0x00800062       0xbd sessionStart.o
                0x00800062                stateMatrix
 .data.OFFLINE_PRICE
                0x0080011f        0x2 sessionStart.o
                0x0080011f                OFFLINE_PRICE
 .data.arrowf   0x00800121        0x1 sessionStart.o
                0x00800121                arrowf
 .data.key_table
                0x00800122       0x10 driverKeyPad.o
                0x00800122                key_table
 .data.currentState_m
                0x00800132        0x1 menu.o
                0x00800132                currentState_m
 .data.stateMatrix_menu
                0x00800133       0x5a menu.o
                0x00800133                stateMatrix_menu
 .data.arrow    0x0080018d        0x1 menu.o
                0x0080018d                arrow
 .data.default_menu
                0x0080018e        0x1 menu.o
                0x0080018e                default_menu
 .data.lastMenuItem
                0x0080018f        0x2 menu.o
                0x0080018f                lastMenuItem
 .data.stMenuItem
                0x00800191        0x2 menu.o
                0x00800191                stMenuItem
 .data.menu_position
                0x00800193        0x2 menu.o
                0x00800193                menu_position
 .data.writeAction
                0x00800195        0x2 driverRFID.o
                0x00800195                writeAction
 .data.i        0x00800197        0x2 driverRFID.o
                0x00800197                i
 .data.stateMatrixRFID
                0x00800199       0x48 driverRFID.o
                0x00800199                stateMatrixRFID
 *(.rodata)
 *(.rodata*)
 .rodata.str1.1
                0x008001e1       0x85 adcChargingSimulation.o
                                 0x94 (size before relaxing)
 .rodata.str1.1
                0x00800266      0x167 sessionStart.o
                                0x16c (size before relaxing)
 .rodata.str1.1
                0x008003cd      0x133 menu.o
                                0x18a (size before relaxing)
 .rodata.str1.1
                0x00800500        0x5 driverRFID.o
 *(.gnu.linkonce.d*)
                0x00800506                . = ALIGN (0x2)
 *fill*         0x00800505        0x1 
                0x00800506                _edata = .
                0x00800506                PROVIDE (__data_end, .)

.bss            0x00800506      0x308
                0x00800506                PROVIDE (__bss_start, .)
 *(.bss)
 *(.bss*)
 .bss.cancelled
                0x00800506        0x1 adcChargingSimulation.o
                0x00800506                cancelled
 .bss.data      0x00800507        0x2 adcChargingSimulation.o
                0x00800507                data
 .bss.Last_power
                0x00800509        0x4 adcChargingSimulation.o
                0x00800509                Last_power
 .bss.energy    0x0080050d        0x4 adcChargingSimulation.o
                0x0080050d                energy
 .bss.datastart
                0x00800511        0x1 dataReceive.o
                0x00800511                datastart
 .bss.packageArrived
                0x00800512        0x1 dataReceive.o
                0x00800512                packageArrived
 .bss.packageArrival
                0x00800513        0x1 dataReceive.o
                0x00800513                packageArrival
 .bss.currByteisr
                0x00800514        0x1 dataReceive.o
 .bss.prevByteisr
                0x00800515        0x1 dataReceive.o
 .bss.currByte.1627
                0x00800516        0x1 dataReceive.o
 .bss.prevByte.1626
                0x00800517        0x1 dataReceive.o
 .bss.countBits.1628
                0x00800518        0x2 dataReceive.o
 .bss.formedDataPackageToSend
                0x0080051a       0x64 formPacket.o
                0x0080051a                formedDataPackageToSend
 .bss.currentState
                0x0080057e        0x1 sessionStart.o
                0x0080057e                currentState
 .bss.incorrectPIN
                0x0080057f        0x1 sessionStart.o
                0x0080057f                incorrectPIN
 .bss.keyPressed
                0x00800580        0x2 sessionStart.o
                0x00800580                keyPressed
 .bss.doneCharf
                0x00800582        0x1 sessionStart.o
                0x00800582                doneCharf
 .bss.offline_mode
                0x00800583        0x1 sessionStart.o
                0x00800583                offline_mode
 .bss.idied     0x00800584        0x1 sessionStart.o
                0x00800584                idied
 .bss.rfidIdArrived
                0x00800585        0x1 sessionStart.o
                0x00800585                rfidIdArrived
 .bss.pinReceived
                0x00800586        0x1 sessionStart.o
                0x00800586                pinReceived
 .bss.EventOccured_menu
                0x00800587        0x1 menu.o
                0x00800587                EventOccured_menu
 .bss.charged   0x00800588        0x1 menu.o
                0x00800588                charged
 .bss.restart   0x00800589        0x1 menu.o
                0x00800589                restart
 .bss.doneChar  0x0080058a        0x1 menu.o
                0x0080058a                doneChar
 .bss.defChargMenu
                0x0080058b        0x1 menu.o
                0x0080058b                defChargMenu
 .bss.currentStateRFID
                0x0080058c        0x1 driverRFID.o
                0x0080058c                currentStateRFID
 .bss.eventOccuredRFID
                0x0080058d        0x1 driverRFID.o
                0x0080058d                eventOccuredRFID
 .bss.rfidDone  0x0080058e        0x1 driverRFID.o
                0x0080058e                rfidDone
 .bss.bufferRead
                0x0080058f        0x1 driverRFID.o
                0x0080058f                bufferRead
 .bss.pl        0x00800590        0x2 driverRFID.o
                0x00800590                pl
 .bss.onlineFirstREad
                0x00800592        0x1 driverRFID.o
                0x00800592                onlineFirstREad
 .bss.offlineWrite
                0x00800593        0x1 driverRFID.o
                0x00800593                offlineWrite
 .bss.offlineFirstRead
                0x00800594        0x1 driverRFID.o
                0x00800594                offlineFirstRead
 .bss.pastExpB  0x00800595        0x1 driverRFID.o
                0x00800595                pastExpB
 .bss.pastConsB
                0x00800596        0x1 driverRFID.o
                0x00800596                pastConsB
 .bss.deleteCredit
                0x00800597        0x1 driverRFID.o
                0x00800597                deleteCredit
 .bss.writeCredit
                0x00800598        0x1 driverRFID.o
                0x00800598                writeCredit
 .bss.debt      0x00800599        0x1 driverRFID.o
                0x00800599                debt
 .bss.pinB      0x0080059a        0x1 driverRFID.o
                0x0080059a                pinB
 .bss.uid       0x0080059b        0x1 driverRFID.o
                0x0080059b                uid
 .bss.index_    0x0080059c        0x2 driverRFID.o
                0x0080059c                index_
 .bss.togle.1940
                0x0080059e        0x1 driverRFID.o
 .bss.togle.1946
                0x0080059f        0x1 driverRFID.o
 .bss.second    0x008005a0        0x1 driverTimer.o
                0x008005a0                second
 .bss.timeOut   0x008005a1        0x2 driverTimer.o
                0x008005a1                timeOut
 .bss.ms        0x008005a3        0x1 driverTimer.o
                0x008005a3                ms
 *(COMMON)
 COMMON         0x008005a4        0xc adcChargingSimulation.o
                0x008005a4                buffer
 COMMON         0x008005b0       0xe5 dataReceive.o
                0x008005b0                _source
                0x008005b2                dataArrived
                0x00800616                destination
                0x00800619                command
                0x0080061c                _command
                0x0080061e                source
                0x00800621                arrivedByte
                0x00800622                actualData
                0x00800686                dl
                0x00800688                dataLenght
                0x0080068d                _status
                0x0080068f                _destination
                0x00800691                checksum
 COMMON         0x00800695       0x4d sessionStart.o
                0x00800695                back
                0x00800697                pin_s
                0x0080069c                id_
                0x008006aa                credit_
                0x008006bb                pastExpense_
                0x008006cc                pastEnergy_
                0x008006dd                pin
 COMMON         0x008006e2        0x7 driverKeyPad.o
                0x008006e2                temp
                0x008006e3                state1
                0x008006e4                key
                0x008006e5                count
                0x008006e7                keyfound
 COMMON         0x008006e9       0x15 menu.o
                0x008006e9                energyStr
                0x008006f1                price_str
                0x008006f4                expenseToPayChar
                0x008006fc                price
 COMMON         0x008006fe      0x10e driverRFID.o
                0x008006fe                RfidBufferToRead
                0x0080070c                parammeter
                0x00800770                debtChar
                0x00800781                pinChar
                0x00800786                pastExChar
                0x00800797                superBuffer
                0x008007fb                pastEnChar
 COMMON         0x0080080c        0x2 d:/program files (x86)/atmel/atmel toolchain/avr8 gcc/native/3.4.2.1002/avr8-gnu-toolchain/bin/../lib/gcc/avr/4.7.2/../../../../avr/lib/avr5\libc.a(errno.o)
                0x0080080c                errno
                0x0080080e                PROVIDE (__bss_end, .)
                0x00003c10                __data_load_start = LOADADDR (.data)
                0x000040b6                __data_load_end = (__data_load_start + SIZEOF (.data))

.noinit         0x0080080e        0x0
                0x0080080e                PROVIDE (__noinit_start, .)
 *(.noinit*)
                0x0080080e                PROVIDE (__noinit_end, .)
                0x0080080e                _end = .
                0x0080080e                PROVIDE (__heap_start, .)

.eeprom         0x00810000        0x0
 *(.eeprom*)
                0x00810000                __eeprom_end = .

.fuse
 *(.fuse)
 *(.lfuse)
 *(.hfuse)
 *(.efuse)

.lock
 *(.lock*)

.signature
 *(.signature*)

.user_signatures
 *(.user_signatures*)

.stab           0x00000000     0x4230
 *(.stab)
 .stab          0x00000000      0x6cc d:/program files (x86)/atmel/atmel toolchain/avr8 gcc/native/3.4.2.1002/avr8-gnu-toolchain/bin/../lib/gcc/avr/4.7.2/../../../../avr/lib/avr5/crtm32.o
 .stab          0x000006cc       0x78 d:/program files (x86)/atmel/atmel toolchain/avr8 gcc/native/3.4.2.1002/avr8-gnu-toolchain/bin/../lib/gcc/avr/4.7.2/../../../../avr/lib/avr5\libm.a(addsf3.o)
                                 0x84 (size before relaxing)
 .stab          0x00000744      0x4bc d:/program files (x86)/atmel/atmel toolchain/avr8 gcc/native/3.4.2.1002/avr8-gnu-toolchain/bin/../lib/gcc/avr/4.7.2/../../../../avr/lib/avr5\libm.a(addsf3x.o)
                                0x4c8 (size before relaxing)
 .stab          0x00000c00       0x90 d:/program files (x86)/atmel/atmel toolchain/avr8 gcc/native/3.4.2.1002/avr8-gnu-toolchain/bin/../lib/gcc/avr/4.7.2/../../../../avr/lib/avr5\libm.a(cmpsf2.o)
                                 0x9c (size before relaxing)
 .stab          0x00000c90       0x48 d:/program files (x86)/atmel/atmel toolchain/avr8 gcc/native/3.4.2.1002/avr8-gnu-toolchain/bin/../lib/gcc/avr/4.7.2/../../../../avr/lib/avr5\libm.a(divsf3.o)
                                 0x54 (size before relaxing)
 .stab          0x00000cd8      0x510 d:/program files (x86)/atmel/atmel toolchain/avr8 gcc/native/3.4.2.1002/avr8-gnu-toolchain/bin/../lib/gcc/avr/4.7.2/../../../../avr/lib/avr5\libm.a(divsf3x.o)
                                0x51c (size before relaxing)
 .stab          0x000011e8       0x6c d:/program files (x86)/atmel/atmel toolchain/avr8 gcc/native/3.4.2.1002/avr8-gnu-toolchain/bin/../lib/gcc/avr/4.7.2/../../../../avr/lib/avr5\libm.a(fixsfsi.o)
                                 0x78 (size before relaxing)
 .stab          0x00001254      0x240 d:/program files (x86)/atmel/atmel toolchain/avr8 gcc/native/3.4.2.1002/avr8-gnu-toolchain/bin/../lib/gcc/avr/4.7.2/../../../../avr/lib/avr5\libm.a(fixunssfsi.o)
                                0x24c (size before relaxing)
 .stab          0x00001494      0x318 d:/program files (x86)/atmel/atmel toolchain/avr8 gcc/native/3.4.2.1002/avr8-gnu-toolchain/bin/../lib/gcc/avr/4.7.2/../../../../avr/lib/avr5\libm.a(floatsisf.o)
                                0x324 (size before relaxing)
 .stab          0x000017ac      0x114 d:/program files (x86)/atmel/atmel toolchain/avr8 gcc/native/3.4.2.1002/avr8-gnu-toolchain/bin/../lib/gcc/avr/4.7.2/../../../../avr/lib/avr5\libm.a(floor.o)
                                0x120 (size before relaxing)
 .stab          0x000018c0      0x1e0 d:/program files (x86)/atmel/atmel toolchain/avr8 gcc/native/3.4.2.1002/avr8-gnu-toolchain/bin/../lib/gcc/avr/4.7.2/../../../../avr/lib/avr5\libm.a(fp_cmp.o)
                                0x1ec (size before relaxing)
 .stab          0x00001aa0       0x78 d:/program files (x86)/atmel/atmel toolchain/avr8 gcc/native/3.4.2.1002/avr8-gnu-toolchain/bin/../lib/gcc/avr/4.7.2/../../../../avr/lib/avr5\libm.a(fp_inf.o)
                                 0x84 (size before relaxing)
 .stab          0x00001b18      0x174 d:/program files (x86)/atmel/atmel toolchain/avr8 gcc/native/3.4.2.1002/avr8-gnu-toolchain/bin/../lib/gcc/avr/4.7.2/../../../../avr/lib/avr5\libm.a(fp_mintl.o)
                                0x180 (size before relaxing)
 .stab          0x00001c8c       0xe4 d:/program files (x86)/atmel/atmel toolchain/avr8 gcc/native/3.4.2.1002/avr8-gnu-toolchain/bin/../lib/gcc/avr/4.7.2/../../../../avr/lib/avr5\libm.a(fp_mpack.o)
                                 0xf0 (size before relaxing)
 .stab          0x00001d70       0x54 d:/program files (x86)/atmel/atmel toolchain/avr8 gcc/native/3.4.2.1002/avr8-gnu-toolchain/bin/../lib/gcc/avr/4.7.2/../../../../avr/lib/avr5\libm.a(fp_nan.o)
                                 0x60 (size before relaxing)
 .stab          0x00001dc4       0x84 d:/program files (x86)/atmel/atmel toolchain/avr8 gcc/native/3.4.2.1002/avr8-gnu-toolchain/bin/../lib/gcc/avr/4.7.2/../../../../avr/lib/avr5\libm.a(fp_pscA.o)
                                 0x90 (size before relaxing)
 .stab          0x00001e48       0x84 d:/program files (x86)/atmel/atmel toolchain/avr8 gcc/native/3.4.2.1002/avr8-gnu-toolchain/bin/../lib/gcc/avr/4.7.2/../../../../avr/lib/avr5\libm.a(fp_pscB.o)
                                 0x90 (size before relaxing)
 .stab          0x00001ecc       0xfc d:/program files (x86)/atmel/atmel toolchain/avr8 gcc/native/3.4.2.1002/avr8-gnu-toolchain/bin/../lib/gcc/avr/4.7.2/../../../../avr/lib/avr5\libm.a(fp_round.o)
                                0x108 (size before relaxing)
 .stab          0x00001fc8      0x1d4 d:/program files (x86)/atmel/atmel toolchain/avr8 gcc/native/3.4.2.1002/avr8-gnu-toolchain/bin/../lib/gcc/avr/4.7.2/../../../../avr/lib/avr5\libm.a(fp_split3.o)
                                0x1e0 (size before relaxing)
 .stab          0x0000219c      0x144 d:/program files (x86)/atmel/atmel toolchain/avr8 gcc/native/3.4.2.1002/avr8-gnu-toolchain/bin/../lib/gcc/avr/4.7.2/../../../../avr/lib/avr5\libm.a(fp_trunc.o)
                                0x150 (size before relaxing)
 .stab          0x000022e0       0x90 d:/program files (x86)/atmel/atmel toolchain/avr8 gcc/native/3.4.2.1002/avr8-gnu-toolchain/bin/../lib/gcc/avr/4.7.2/../../../../avr/lib/avr5\libm.a(fp_zero.o)
                                 0x9c (size before relaxing)
 .stab          0x00002370       0x48 d:/program files (x86)/atmel/atmel toolchain/avr8 gcc/native/3.4.2.1002/avr8-gnu-toolchain/bin/../lib/gcc/avr/4.7.2/../../../../avr/lib/avr5\libm.a(mulsf3.o)
                                 0x54 (size before relaxing)
 .stab          0x000023b8      0x4d4 d:/program files (x86)/atmel/atmel toolchain/avr8 gcc/native/3.4.2.1002/avr8-gnu-toolchain/bin/../lib/gcc/avr/4.7.2/../../../../avr/lib/avr5\libm.a(mulsf3x.o)
                                0x4e0 (size before relaxing)
 .stab          0x0000288c       0x3c d:/program files (x86)/atmel/atmel toolchain/avr8 gcc/native/3.4.2.1002/avr8-gnu-toolchain/bin/../lib/gcc/avr/4.7.2/../../../../avr/lib/avr5\libc.a(atof.o)
                                 0x48 (size before relaxing)
 .stab          0x000028c8      0x174 d:/program files (x86)/atmel/atmel toolchain/avr8 gcc/native/3.4.2.1002/avr8-gnu-toolchain/bin/../lib/gcc/avr/4.7.2/../../../../avr/lib/avr5\libc.a(atoi.o)
                                0x180 (size before relaxing)
 .stab          0x00002a3c      0xa38 d:/program files (x86)/atmel/atmel toolchain/avr8 gcc/native/3.4.2.1002/avr8-gnu-toolchain/bin/../lib/gcc/avr/4.7.2/../../../../avr/lib/avr5\libc.a(ftoa_engine.o)
                                0xa44 (size before relaxing)
 .stab          0x00003474       0x9c d:/program files (x86)/atmel/atmel toolchain/avr8 gcc/native/3.4.2.1002/avr8-gnu-toolchain/bin/../lib/gcc/avr/4.7.2/../../../../avr/lib/avr5\libc.a(strnlen_P.o)
                                 0xa8 (size before relaxing)
 .stab          0x00003510       0x84 d:/program files (x86)/atmel/atmel toolchain/avr8 gcc/native/3.4.2.1002/avr8-gnu-toolchain/bin/../lib/gcc/avr/4.7.2/../../../../avr/lib/avr5\libc.a(memcpy.o)
                                 0x90 (size before relaxing)
 .stab          0x00003594       0x6c d:/program files (x86)/atmel/atmel toolchain/avr8 gcc/native/3.4.2.1002/avr8-gnu-toolchain/bin/../lib/gcc/avr/4.7.2/../../../../avr/lib/avr5\libc.a(memset.o)
                                 0x78 (size before relaxing)
 .stab          0x00003600       0x9c d:/program files (x86)/atmel/atmel toolchain/avr8 gcc/native/3.4.2.1002/avr8-gnu-toolchain/bin/../lib/gcc/avr/4.7.2/../../../../avr/lib/avr5\libc.a(strnlen.o)
                                 0xa8 (size before relaxing)
 .stab          0x0000369c      0x1b0 d:/program files (x86)/atmel/atmel toolchain/avr8 gcc/native/3.4.2.1002/avr8-gnu-toolchain/bin/../lib/gcc/avr/4.7.2/../../../../avr/lib/avr5\libc.a(itoa.o)
                                0x1bc (size before relaxing)
 .stab          0x0000384c       0x78 d:/program files (x86)/atmel/atmel toolchain/avr8 gcc/native/3.4.2.1002/avr8-gnu-toolchain/bin/../lib/gcc/avr/4.7.2/../../../../avr/lib/avr5\libc.a(mul10.o)
                                 0x84 (size before relaxing)
 .stab          0x000038c4      0x1e0 d:/program files (x86)/atmel/atmel toolchain/avr8 gcc/native/3.4.2.1002/avr8-gnu-toolchain/bin/../lib/gcc/avr/4.7.2/../../../../avr/lib/avr5\libc.a(ultoa.o)
                                0x1ec (size before relaxing)
 .stab          0x00003aa4      0x480 d:/program files (x86)/atmel/atmel toolchain/avr8 gcc/native/3.4.2.1002/avr8-gnu-toolchain/bin/../lib/gcc/avr/4.7.2/../../../../avr/lib/avr5\libc.a(ultoa_invert.o)
                                0x48c (size before relaxing)
 .stab          0x00003f24       0x9c d:/program files (x86)/atmel/atmel toolchain/avr8 gcc/native/3.4.2.1002/avr8-gnu-toolchain/bin/../lib/gcc/avr/4.7.2/../../../../avr/lib/avr5\libc.a(isspace.o)
                                 0xa8 (size before relaxing)
 .stab          0x00003fc0      0x138 d:/program files (x86)/atmel/atmel toolchain/avr8 gcc/native/3.4.2.1002/avr8-gnu-toolchain/bin/../lib/gcc/avr/4.7.2/../../../../avr/lib/avr5\libc.a(strncasecmp_P.o)
                                0x144 (size before relaxing)
 .stab          0x000040f8       0xd8 d:/program files (x86)/atmel/atmel toolchain/avr8 gcc/native/3.4.2.1002/avr8-gnu-toolchain/bin/../lib/gcc/avr/4.7.2/../../../../avr/lib/avr5\libc.a(strrev.o)
                                 0xe4 (size before relaxing)
 .stab          0x000041d0       0x60 d:/program files (x86)/atmel/atmel toolchain/avr8 gcc/native/3.4.2.1002/avr8-gnu-toolchain/bin/../lib/gcc/avr/4.7.2/../../../../avr/lib/avr5\libc.a(cty_isfalse.o)
                                 0x6c (size before relaxing)

.stabstr        0x00000000     0x1132
 *(.stabstr)
 .stabstr       0x00000000     0x1132 d:/program files (x86)/atmel/atmel toolchain/avr8 gcc/native/3.4.2.1002/avr8-gnu-toolchain/bin/../lib/gcc/avr/4.7.2/../../../../avr/lib/avr5/crtm32.o

.stab.excl
 *(.stab.excl)

.stab.exclstr
 *(.stab.exclstr)

.stab.index
 *(.stab.index)

.stab.indexstr
 *(.stab.indexstr)

.comment        0x00000000       0x2f
 *(.comment)
 .comment       0x00000000       0x2f adcChargingSimulation.o
                                 0x30 (size before relaxing)
 .comment       0x00000000       0x30 dataReceive.o
 .comment       0x00000000       0x30 formPacket.o
 .comment       0x00000000       0x30 sessionStart.o
 .comment       0x00000000       0x30 driverKeyPad.o
 .comment       0x00000000       0x30 driverLCD.o
 .comment       0x00000000       0x30 menu.o
 .comment       0x00000000       0x30 driverRFID.o
 .comment       0x00000000       0x30 driverSPI.o
 .comment       0x00000000       0x30 driverTimer.o
 .comment       0x00000000       0x30 driverUSART.o
 .comment       0x00000000       0x30 d:/program files (x86)/atmel/atmel toolchain/avr8 gcc/native/3.4.2.1002/avr8-gnu-toolchain/bin/../lib/gcc/avr/4.7.2/../../../../avr/lib/avr5\libprintf_flt.a(vfprintf_flt.o)
 .comment       0x00000000       0x30 d:/program files (x86)/atmel/atmel toolchain/avr8 gcc/native/3.4.2.1002/avr8-gnu-toolchain/bin/../lib/gcc/avr/4.7.2/../../../../avr/lib/avr5\libc.a(fputc.o)
 .comment       0x00000000       0x30 d:/program files (x86)/atmel/atmel toolchain/avr8 gcc/native/3.4.2.1002/avr8-gnu-toolchain/bin/../lib/gcc/avr/4.7.2/../../../../avr/lib/avr5\libc.a(snprintf.o)
 .comment       0x00000000       0x30 d:/program files (x86)/atmel/atmel toolchain/avr8 gcc/native/3.4.2.1002/avr8-gnu-toolchain/bin/../lib/gcc/avr/4.7.2/../../../../avr/lib/avr5\libc.a(sprintf.o)
 .comment       0x00000000       0x30 d:/program files (x86)/atmel/atmel toolchain/avr8 gcc/native/3.4.2.1002/avr8-gnu-toolchain/bin/../lib/gcc/avr/4.7.2/../../../../avr/lib/avr5\libc.a(strtod.o)
 .comment       0x00000000       0x30 d:/program files (x86)/atmel/atmel toolchain/avr8 gcc/native/3.4.2.1002/avr8-gnu-toolchain/bin/../lib/gcc/avr/4.7.2/../../../../avr/lib/avr5\libc.a(errno.o)

.debug
 *(.debug)

.line
 *(.line)

.debug_srcinfo
 *(.debug_srcinfo)

.debug_sfnames
 *(.debug_sfnames)

.debug_aranges  0x00000000      0x470
 *(.debug_aranges)
 .debug_aranges
                0x00000000       0x60 adcChargingSimulation.o
 .debug_aranges
                0x00000060       0x30 dataReceive.o
 .debug_aranges
                0x00000090       0x20 formPacket.o
 .debug_aranges
                0x000000b0       0xb8 sessionStart.o
 .debug_aranges
                0x00000168       0x50 driverKeyPad.o
 .debug_aranges
                0x000001b8       0x70 driverLCD.o
 .debug_aranges
                0x00000228       0x80 menu.o
 .debug_aranges
                0x000002a8       0x80 driverRFID.o
 .debug_aranges
                0x00000328       0x28 driverSPI.o
 .debug_aranges
                0x00000350       0x30 driverTimer.o
 .debug_aranges
                0x00000380       0x38 driverUSART.o
 .debug_aranges
                0x000003b8       0x20 d:/program files (x86)/atmel/atmel toolchain/avr8 gcc/native/3.4.2.1002/avr8-gnu-toolchain/bin/../lib/gcc/avr/4.7.2/../../../../avr/lib/avr5\libprintf_flt.a(vfprintf_flt.o)
 .debug_aranges
                0x000003d8       0x20 d:/program files (x86)/atmel/atmel toolchain/avr8 gcc/native/3.4.2.1002/avr8-gnu-toolchain/bin/../lib/gcc/avr/4.7.2/../../../../avr/lib/avr5\libc.a(fputc.o)
 .debug_aranges
                0x000003f8       0x20 d:/program files (x86)/atmel/atmel toolchain/avr8 gcc/native/3.4.2.1002/avr8-gnu-toolchain/bin/../lib/gcc/avr/4.7.2/../../../../avr/lib/avr5\libc.a(snprintf.o)
 .debug_aranges
                0x00000418       0x20 d:/program files (x86)/atmel/atmel toolchain/avr8 gcc/native/3.4.2.1002/avr8-gnu-toolchain/bin/../lib/gcc/avr/4.7.2/../../../../avr/lib/avr5\libc.a(sprintf.o)
 .debug_aranges
                0x00000438       0x20 d:/program files (x86)/atmel/atmel toolchain/avr8 gcc/native/3.4.2.1002/avr8-gnu-toolchain/bin/../lib/gcc/avr/4.7.2/../../../../avr/lib/avr5\libc.a(strtod.o)
 .debug_aranges
                0x00000458       0x18 d:/program files (x86)/atmel/atmel toolchain/avr8 gcc/native/3.4.2.1002/avr8-gnu-toolchain/bin/../lib/gcc/avr/4.7.2/../../../../avr/lib/avr5\libc.a(errno.o)

.debug_pubnames
 *(.debug_pubnames)

.debug_info     0x00000000     0x6a26
 *(.debug_info)
 .debug_info    0x00000000      0x6b0 adcChargingSimulation.o
 .debug_info    0x000006b0      0x35d dataReceive.o
 .debug_info    0x00000a0d      0x27b formPacket.o
 .debug_info    0x00000c88     0x15c3 sessionStart.o
 .debug_info    0x0000224b      0x380 driverKeyPad.o
 .debug_info    0x000025cb      0xe63 driverLCD.o
 .debug_info    0x0000342e     0x1801 menu.o
 .debug_info    0x00004c2f      0x998 driverRFID.o
 .debug_info    0x000055c7       0xa7 driverSPI.o
 .debug_info    0x0000566e      0x121 driverTimer.o
 .debug_info    0x0000578f      0x131 driverUSART.o
 .debug_info    0x000058c0      0x7d1 d:/program files (x86)/atmel/atmel toolchain/avr8 gcc/native/3.4.2.1002/avr8-gnu-toolchain/bin/../lib/gcc/avr/4.7.2/../../../../avr/lib/avr5\libprintf_flt.a(vfprintf_flt.o)
 .debug_info    0x00006091      0x174 d:/program files (x86)/atmel/atmel toolchain/avr8 gcc/native/3.4.2.1002/avr8-gnu-toolchain/bin/../lib/gcc/avr/4.7.2/../../../../avr/lib/avr5\libc.a(fputc.o)
 .debug_info    0x00006205      0x21c d:/program files (x86)/atmel/atmel toolchain/avr8 gcc/native/3.4.2.1002/avr8-gnu-toolchain/bin/../lib/gcc/avr/4.7.2/../../../../avr/lib/avr5\libc.a(snprintf.o)
 .debug_info    0x00006421      0x204 d:/program files (x86)/atmel/atmel toolchain/avr8 gcc/native/3.4.2.1002/avr8-gnu-toolchain/bin/../lib/gcc/avr/4.7.2/../../../../avr/lib/avr5\libc.a(sprintf.o)
 .debug_info    0x00006625      0x3ce d:/program files (x86)/atmel/atmel toolchain/avr8 gcc/native/3.4.2.1002/avr8-gnu-toolchain/bin/../lib/gcc/avr/4.7.2/../../../../avr/lib/avr5\libc.a(strtod.o)
 .debug_info    0x000069f3       0x33 d:/program files (x86)/atmel/atmel toolchain/avr8 gcc/native/3.4.2.1002/avr8-gnu-toolchain/bin/../lib/gcc/avr/4.7.2/../../../../avr/lib/avr5\libc.a(errno.o)
 *(.gnu.linkonce.wi.*)

.debug_abbrev   0x00000000     0x1c39
 *(.debug_abbrev)
 .debug_abbrev  0x00000000      0x23d adcChargingSimulation.o
 .debug_abbrev  0x0000023d      0x14d dataReceive.o
 .debug_abbrev  0x0000038a      0x121 formPacket.o
 .debug_abbrev  0x000004ab      0x376 sessionStart.o
 .debug_abbrev  0x00000821      0x1e4 driverKeyPad.o
 .debug_abbrev  0x00000a05      0x242 driverLCD.o
 .debug_abbrev  0x00000c47      0x396 menu.o
 .debug_abbrev  0x00000fdd      0x322 driverRFID.o
 .debug_abbrev  0x000012ff       0x78 driverSPI.o
 .debug_abbrev  0x00001377       0xb2 driverTimer.o
 .debug_abbrev  0x00001429       0xfe driverUSART.o
 .debug_abbrev  0x00001527      0x1d4 d:/program files (x86)/atmel/atmel toolchain/avr8 gcc/native/3.4.2.1002/avr8-gnu-toolchain/bin/../lib/gcc/avr/4.7.2/../../../../avr/lib/avr5\libprintf_flt.a(vfprintf_flt.o)
 .debug_abbrev  0x000016fb       0xf1 d:/program files (x86)/atmel/atmel toolchain/avr8 gcc/native/3.4.2.1002/avr8-gnu-toolchain/bin/../lib/gcc/avr/4.7.2/../../../../avr/lib/avr5\libc.a(fputc.o)
 .debug_abbrev  0x000017ec      0x139 d:/program files (x86)/atmel/atmel toolchain/avr8 gcc/native/3.4.2.1002/avr8-gnu-toolchain/bin/../lib/gcc/avr/4.7.2/../../../../avr/lib/avr5\libc.a(snprintf.o)
 .debug_abbrev  0x00001925      0x12a d:/program files (x86)/atmel/atmel toolchain/avr8 gcc/native/3.4.2.1002/avr8-gnu-toolchain/bin/../lib/gcc/avr/4.7.2/../../../../avr/lib/avr5\libc.a(sprintf.o)
 .debug_abbrev  0x00001a4f      0x1c0 d:/program files (x86)/atmel/atmel toolchain/avr8 gcc/native/3.4.2.1002/avr8-gnu-toolchain/bin/../lib/gcc/avr/4.7.2/../../../../avr/lib/avr5\libc.a(strtod.o)
 .debug_abbrev  0x00001c0f       0x2a d:/program files (x86)/atmel/atmel toolchain/avr8 gcc/native/3.4.2.1002/avr8-gnu-toolchain/bin/../lib/gcc/avr/4.7.2/../../../../avr/lib/avr5\libc.a(errno.o)

.debug_line     0x00000000     0x2872
 *(.debug_line)
 .debug_line    0x00000000      0x2fa adcChargingSimulation.o
 .debug_line    0x000002fa      0x158 dataReceive.o
 .debug_line    0x00000452      0x10b formPacket.o
 .debug_line    0x0000055d      0x51b sessionStart.o
 .debug_line    0x00000a78      0x235 driverKeyPad.o
 .debug_line    0x00000cad      0x3a4 driverLCD.o
 .debug_line    0x00001051      0x510 menu.o
 .debug_line    0x00001561      0x37d driverRFID.o
 .debug_line    0x000018de       0xed driverSPI.o
 .debug_line    0x000019cb      0x106 driverTimer.o
 .debug_line    0x00001ad1      0x124 driverUSART.o
 .debug_line    0x00001bf5      0x500 d:/program files (x86)/atmel/atmel toolchain/avr8 gcc/native/3.4.2.1002/avr8-gnu-toolchain/bin/../lib/gcc/avr/4.7.2/../../../../avr/lib/avr5\libprintf_flt.a(vfprintf_flt.o)
 .debug_line    0x000020f5      0x104 d:/program files (x86)/atmel/atmel toolchain/avr8 gcc/native/3.4.2.1002/avr8-gnu-toolchain/bin/../lib/gcc/avr/4.7.2/../../../../avr/lib/avr5\libc.a(fputc.o)
 .debug_line    0x000021f9      0x1a4 d:/program files (x86)/atmel/atmel toolchain/avr8 gcc/native/3.4.2.1002/avr8-gnu-toolchain/bin/../lib/gcc/avr/4.7.2/../../../../avr/lib/avr5\libc.a(snprintf.o)
 .debug_line    0x0000239d      0x194 d:/program files (x86)/atmel/atmel toolchain/avr8 gcc/native/3.4.2.1002/avr8-gnu-toolchain/bin/../lib/gcc/avr/4.7.2/../../../../avr/lib/avr5\libc.a(sprintf.o)
 .debug_line    0x00002531      0x2c1 d:/program files (x86)/atmel/atmel toolchain/avr8 gcc/native/3.4.2.1002/avr8-gnu-toolchain/bin/../lib/gcc/avr/4.7.2/../../../../avr/lib/avr5\libc.a(strtod.o)
 .debug_line    0x000027f2       0x80 d:/program files (x86)/atmel/atmel toolchain/avr8 gcc/native/3.4.2.1002/avr8-gnu-toolchain/bin/../lib/gcc/avr/4.7.2/../../../../avr/lib/avr5\libc.a(errno.o)

.debug_frame    0x00000000      0xae8
 *(.debug_frame)
 .debug_frame   0x00000000       0xfc adcChargingSimulation.o
 .debug_frame   0x000000fc       0x90 dataReceive.o
 .debug_frame   0x0000018c       0x70 formPacket.o
 .debug_frame   0x000001fc      0x218 sessionStart.o
 .debug_frame   0x00000414       0x84 driverKeyPad.o
 .debug_frame   0x00000498       0xf4 driverLCD.o
 .debug_frame   0x0000058c      0x1ec menu.o
 .debug_frame   0x00000778      0x150 driverRFID.o
 .debug_frame   0x000008c8       0x34 driverSPI.o
 .debug_frame   0x000008fc       0x68 driverTimer.o
 .debug_frame   0x00000964       0x60 driverUSART.o
 .debug_frame   0x000009c4       0x4c d:/program files (x86)/atmel/atmel toolchain/avr8 gcc/native/3.4.2.1002/avr8-gnu-toolchain/bin/../lib/gcc/avr/4.7.2/../../../../avr/lib/avr5\libprintf_flt.a(vfprintf_flt.o)
 .debug_frame   0x00000a10       0x38 d:/program files (x86)/atmel/atmel toolchain/avr8 gcc/native/3.4.2.1002/avr8-gnu-toolchain/bin/../lib/gcc/avr/4.7.2/../../../../avr/lib/avr5\libc.a(fputc.o)
 .debug_frame   0x00000a48       0x30 d:/program files (x86)/atmel/atmel toolchain/avr8 gcc/native/3.4.2.1002/avr8-gnu-toolchain/bin/../lib/gcc/avr/4.7.2/../../../../avr/lib/avr5\libc.a(snprintf.o)
 .debug_frame   0x00000a78       0x30 d:/program files (x86)/atmel/atmel toolchain/avr8 gcc/native/3.4.2.1002/avr8-gnu-toolchain/bin/../lib/gcc/avr/4.7.2/../../../../avr/lib/avr5\libc.a(sprintf.o)
 .debug_frame   0x00000aa8       0x40 d:/program files (x86)/atmel/atmel toolchain/avr8 gcc/native/3.4.2.1002/avr8-gnu-toolchain/bin/../lib/gcc/avr/4.7.2/../../../../avr/lib/avr5\libc.a(strtod.o)

.debug_str      0x00000000     0x108a
 *(.debug_str)
 .debug_str     0x00000000      0x221 adcChargingSimulation.o
                                0x279 (size before relaxing)
 .debug_str     0x00000221       0xf8 dataReceive.o
                                0x1e9 (size before relaxing)
 .debug_str     0x00000319       0x62 formPacket.o
                                0x150 (size before relaxing)
 .debug_str     0x0000037b      0x303 sessionStart.o
                                0x4f6 (size before relaxing)
 .debug_str     0x0000067e       0xae driverKeyPad.o
                                0x1f6 (size before relaxing)
 .debug_str     0x0000072c       0x96 driverLCD.o
                                0x1ff (size before relaxing)
 .debug_str     0x000007c2      0x221 menu.o
                                0x4fa (size before relaxing)
 .debug_str     0x000009e3      0x26d driverRFID.o
                                0x460 (size before relaxing)
 .debug_str     0x00000c50       0x11 driverSPI.o
                                 0xe1 (size before relaxing)
 .debug_str     0x00000c61       0x3d driverTimer.o
                                0x115 (size before relaxing)
 .debug_str     0x00000c9e       0x3c driverUSART.o
                                0x118 (size before relaxing)
 .debug_str     0x00000cda      0x140 d:/program files (x86)/atmel/atmel toolchain/avr8 gcc/native/3.4.2.1002/avr8-gnu-toolchain/bin/../lib/gcc/avr/4.7.2/../../../../avr/lib/avr5\libprintf_flt.a(vfprintf_flt.o)
                                0x1e8 (size before relaxing)
 .debug_str     0x00000e1a       0x62 d:/program files (x86)/atmel/atmel toolchain/avr8 gcc/native/3.4.2.1002/avr8-gnu-toolchain/bin/../lib/gcc/avr/4.7.2/../../../../avr/lib/avr5\libc.a(fputc.o)
                                0x10d (size before relaxing)
 .debug_str     0x00000e7c       0x65 d:/program files (x86)/atmel/atmel toolchain/avr8 gcc/native/3.4.2.1002/avr8-gnu-toolchain/bin/../lib/gcc/avr/4.7.2/../../../../avr/lib/avr5\libc.a(snprintf.o)
                                0x145 (size before relaxing)
 .debug_str     0x00000ee1       0x64 d:/program files (x86)/atmel/atmel toolchain/avr8 gcc/native/3.4.2.1002/avr8-gnu-toolchain/bin/../lib/gcc/avr/4.7.2/../../../../avr/lib/avr5\libc.a(sprintf.o)
                                0x13c (size before relaxing)
 .debug_str     0x00000f45       0xe2 d:/program files (x86)/atmel/atmel toolchain/avr8 gcc/native/3.4.2.1002/avr8-gnu-toolchain/bin/../lib/gcc/avr/4.7.2/../../../../avr/lib/avr5\libc.a(strtod.o)
                                0x19b (size before relaxing)
 .debug_str     0x00001027       0x63 d:/program files (x86)/atmel/atmel toolchain/avr8 gcc/native/3.4.2.1002/avr8-gnu-toolchain/bin/../lib/gcc/avr/4.7.2/../../../../avr/lib/avr5\libc.a(errno.o)
                                 0x75 (size before relaxing)

.debug_loc      0x00000000     0x2b9c
 *(.debug_loc)
 .debug_loc     0x00000000      0x1db adcChargingSimulation.o
 .debug_loc     0x000001db       0xe0 dataReceive.o
 .debug_loc     0x000002bb      0x26e formPacket.o
 .debug_loc     0x00000529      0x7c3 sessionStart.o
 .debug_loc     0x00000cec      0x1cb driverKeyPad.o
 .debug_loc     0x00000eb7      0x3b5 driverLCD.o
 .debug_loc     0x0000126c      0x641 menu.o
 .debug_loc     0x000018ad      0x3b5 driverRFID.o
 .debug_loc     0x00001c62       0xbf driverTimer.o
 .debug_loc     0x00001d21       0xa7 driverUSART.o
 .debug_loc     0x00001dc8      0x84f d:/program files (x86)/atmel/atmel toolchain/avr8 gcc/native/3.4.2.1002/avr8-gnu-toolchain/bin/../lib/gcc/avr/4.7.2/../../../../avr/lib/avr5\libprintf_flt.a(vfprintf_flt.o)
 .debug_loc     0x00002617       0xf3 d:/program files (x86)/atmel/atmel toolchain/avr8 gcc/native/3.4.2.1002/avr8-gnu-toolchain/bin/../lib/gcc/avr/4.7.2/../../../../avr/lib/avr5\libc.a(fputc.o)
 .debug_loc     0x0000270a       0x74 d:/program files (x86)/atmel/atmel toolchain/avr8 gcc/native/3.4.2.1002/avr8-gnu-toolchain/bin/../lib/gcc/avr/4.7.2/../../../../avr/lib/avr5\libc.a(snprintf.o)
 .debug_loc     0x0000277e       0x21 d:/program files (x86)/atmel/atmel toolchain/avr8 gcc/native/3.4.2.1002/avr8-gnu-toolchain/bin/../lib/gcc/avr/4.7.2/../../../../avr/lib/avr5\libc.a(sprintf.o)
 .debug_loc     0x0000279f      0x3fd d:/program files (x86)/atmel/atmel toolchain/avr8 gcc/native/3.4.2.1002/avr8-gnu-toolchain/bin/../lib/gcc/avr/4.7.2/../../../../avr/lib/avr5\libc.a(strtod.o)

.debug_macinfo
 *(.debug_macinfo)

.debug_pubtypes
 *(.debug_pubtypes)

.debug_ranges   0x00000000      0x388
 *(.debug_ranges)
 .debug_ranges  0x00000000       0x50 adcChargingSimulation.o
 .debug_ranges  0x00000050       0x20 dataReceive.o
 .debug_ranges  0x00000070       0x28 formPacket.o
 .debug_ranges  0x00000098       0xa8 sessionStart.o
 .debug_ranges  0x00000140       0x40 driverKeyPad.o
 .debug_ranges  0x00000180       0x60 driverLCD.o
 .debug_ranges  0x000001e0       0x70 menu.o
 .debug_ranges  0x00000250       0x70 driverRFID.o
 .debug_ranges  0x000002c0       0x18 driverSPI.o
 .debug_ranges  0x000002d8       0x20 driverTimer.o
 .debug_ranges  0x000002f8       0x28 driverUSART.o
 .debug_ranges  0x00000320       0x28 d:/program files (x86)/atmel/atmel toolchain/avr8 gcc/native/3.4.2.1002/avr8-gnu-toolchain/bin/../lib/gcc/avr/4.7.2/../../../../avr/lib/avr5\libprintf_flt.a(vfprintf_flt.o)
 .debug_ranges  0x00000348       0x10 d:/program files (x86)/atmel/atmel toolchain/avr8 gcc/native/3.4.2.1002/avr8-gnu-toolchain/bin/../lib/gcc/avr/4.7.2/../../../../avr/lib/avr5\libc.a(fputc.o)
 .debug_ranges  0x00000358       0x10 d:/program files (x86)/atmel/atmel toolchain/avr8 gcc/native/3.4.2.1002/avr8-gnu-toolchain/bin/../lib/gcc/avr/4.7.2/../../../../avr/lib/avr5\libc.a(snprintf.o)
 .debug_ranges  0x00000368       0x10 d:/program files (x86)/atmel/atmel toolchain/avr8 gcc/native/3.4.2.1002/avr8-gnu-toolchain/bin/../lib/gcc/avr/4.7.2/../../../../avr/lib/avr5\libc.a(sprintf.o)
 .debug_ranges  0x00000378       0x10 d:/program files (x86)/atmel/atmel toolchain/avr8 gcc/native/3.4.2.1002/avr8-gnu-toolchain/bin/../lib/gcc/avr/4.7.2/../../../../avr/lib/avr5\libc.a(strtod.o)

.debug_macro
 *(.debug_macro)
OUTPUT(menu.elf elf32-avr)
LOAD linker stubs
